<?xml version="1.0" encoding="ISO-8859-1" ?>
<link_info>
   <banner>MSP430 Linker PC v20.2.2.LTS</banner>
   <copyright>Copyright (c) 2003-2018 Texas Instruments Incorporated</copyright>
   <link_time>0x62599cc5</link_time>
   <link_errors>0x0</link_errors>
   <output_file>StarTracker.out</output_file>
   <entry_point>
      <name>_c_int00_noargs</name>
      <address>0x81ce</address>
   </entry_point>
   <input_file_list>
      <input_file id="fl-2">
         <path>.\</path>
         <kind>object</kind>
         <file>main.obj</file>
         <name>main.obj</name>
      </input_file>
      <input_file id="fl-3">
         <path>.\devices\src\</path>
         <kind>object</kind>
         <file>AsciiLib.obj</file>
         <name>AsciiLib.obj</name>
      </input_file>
      <input_file id="fl-4">
         <path>.\devices\src\</path>
         <kind>object</kind>
         <file>GPS.obj</file>
         <name>GPS.obj</name>
      </input_file>
      <input_file id="fl-5">
         <path>.\devices\src\</path>
         <kind>object</kind>
         <file>LCDLib.obj</file>
         <name>LCDLib.obj</name>
      </input_file>
      <input_file id="fl-6">
         <path>.\devices\src\</path>
         <kind>object</kind>
         <file>Speaker.obj</file>
         <name>Speaker.obj</name>
      </input_file>
      <input_file id="fl-7">
         <path>.\devices\src\</path>
         <kind>object</kind>
         <file>Stepper.obj</file>
         <name>Stepper.obj</name>
      </input_file>
      <input_file id="fl-8">
         <path>.\devices\src\</path>
         <kind>object</kind>
         <file>UI.obj</file>
         <name>UI.obj</name>
      </input_file>
      <input_file id="fl-9">
         <path>.\devices\src\</path>
         <kind>object</kind>
         <file>bmi160.obj</file>
         <name>bmi160.obj</name>
      </input_file>
      <input_file id="fl-a">
         <path>.\devices\src\</path>
         <kind>object</kind>
         <file>bmm150.obj</file>
         <name>bmm150.obj</name>
      </input_file>
      <input_file id="fl-b">
         <path>.\devices\src\</path>
         <kind>object</kind>
         <file>bmx160_msp430.obj</file>
         <name>bmx160_msp430.obj</name>
      </input_file>
      <input_file id="fl-c">
         <path>.\driverlib\MSP430F5xx_6xx\</path>
         <kind>object</kind>
         <file>adc10_a.obj</file>
         <name>adc10_a.obj</name>
      </input_file>
      <input_file id="fl-d">
         <path>.\driverlib\MSP430F5xx_6xx\</path>
         <kind>object</kind>
         <file>adc12_a.obj</file>
         <name>adc12_a.obj</name>
      </input_file>
      <input_file id="fl-e">
         <path>.\driverlib\MSP430F5xx_6xx\</path>
         <kind>object</kind>
         <file>aes.obj</file>
         <name>aes.obj</name>
      </input_file>
      <input_file id="fl-f">
         <path>.\driverlib\MSP430F5xx_6xx\</path>
         <kind>object</kind>
         <file>battbak.obj</file>
         <name>battbak.obj</name>
      </input_file>
      <input_file id="fl-10">
         <path>.\driverlib\MSP430F5xx_6xx\</path>
         <kind>object</kind>
         <file>comp_b.obj</file>
         <name>comp_b.obj</name>
      </input_file>
      <input_file id="fl-11">
         <path>.\driverlib\MSP430F5xx_6xx\</path>
         <kind>object</kind>
         <file>crc.obj</file>
         <name>crc.obj</name>
      </input_file>
      <input_file id="fl-12">
         <path>.\driverlib\MSP430F5xx_6xx\</path>
         <kind>object</kind>
         <file>ctsd16.obj</file>
         <name>ctsd16.obj</name>
      </input_file>
      <input_file id="fl-13">
         <path>.\driverlib\MSP430F5xx_6xx\</path>
         <kind>object</kind>
         <file>dac12_a.obj</file>
         <name>dac12_a.obj</name>
      </input_file>
      <input_file id="fl-14">
         <path>.\driverlib\MSP430F5xx_6xx\</path>
         <kind>object</kind>
         <file>dma.obj</file>
         <name>dma.obj</name>
      </input_file>
      <input_file id="fl-15">
         <path>.\driverlib\MSP430F5xx_6xx\</path>
         <kind>object</kind>
         <file>eusci_a_spi.obj</file>
         <name>eusci_a_spi.obj</name>
      </input_file>
      <input_file id="fl-16">
         <path>.\driverlib\MSP430F5xx_6xx\</path>
         <kind>object</kind>
         <file>eusci_a_uart.obj</file>
         <name>eusci_a_uart.obj</name>
      </input_file>
      <input_file id="fl-17">
         <path>.\driverlib\MSP430F5xx_6xx\</path>
         <kind>object</kind>
         <file>eusci_b_i2c.obj</file>
         <name>eusci_b_i2c.obj</name>
      </input_file>
      <input_file id="fl-18">
         <path>.\driverlib\MSP430F5xx_6xx\</path>
         <kind>object</kind>
         <file>eusci_b_spi.obj</file>
         <name>eusci_b_spi.obj</name>
      </input_file>
      <input_file id="fl-19">
         <path>.\driverlib\MSP430F5xx_6xx\</path>
         <kind>object</kind>
         <file>flashctl.obj</file>
         <name>flashctl.obj</name>
      </input_file>
      <input_file id="fl-1a">
         <path>.\driverlib\MSP430F5xx_6xx\</path>
         <kind>object</kind>
         <file>gpio.obj</file>
         <name>gpio.obj</name>
      </input_file>
      <input_file id="fl-1b">
         <path>.\driverlib\MSP430F5xx_6xx\</path>
         <kind>object</kind>
         <file>lcd_b.obj</file>
         <name>lcd_b.obj</name>
      </input_file>
      <input_file id="fl-1c">
         <path>.\driverlib\MSP430F5xx_6xx\</path>
         <kind>object</kind>
         <file>lcd_c.obj</file>
         <name>lcd_c.obj</name>
      </input_file>
      <input_file id="fl-1d">
         <path>.\driverlib\MSP430F5xx_6xx\</path>
         <kind>object</kind>
         <file>ldopwr.obj</file>
         <name>ldopwr.obj</name>
      </input_file>
      <input_file id="fl-1e">
         <path>.\driverlib\MSP430F5xx_6xx\</path>
         <kind>object</kind>
         <file>mpy32.obj</file>
         <name>mpy32.obj</name>
      </input_file>
      <input_file id="fl-1f">
         <path>.\driverlib\MSP430F5xx_6xx\</path>
         <kind>object</kind>
         <file>oa.obj</file>
         <name>oa.obj</name>
      </input_file>
      <input_file id="fl-20">
         <path>.\driverlib\MSP430F5xx_6xx\</path>
         <kind>object</kind>
         <file>pmap.obj</file>
         <name>pmap.obj</name>
      </input_file>
      <input_file id="fl-21">
         <path>.\driverlib\MSP430F5xx_6xx\</path>
         <kind>object</kind>
         <file>pmm.obj</file>
         <name>pmm.obj</name>
      </input_file>
      <input_file id="fl-22">
         <path>.\driverlib\MSP430F5xx_6xx\</path>
         <kind>object</kind>
         <file>ram.obj</file>
         <name>ram.obj</name>
      </input_file>
      <input_file id="fl-23">
         <path>.\driverlib\MSP430F5xx_6xx\</path>
         <kind>object</kind>
         <file>ref.obj</file>
         <name>ref.obj</name>
      </input_file>
      <input_file id="fl-24">
         <path>.\driverlib\MSP430F5xx_6xx\</path>
         <kind>object</kind>
         <file>rtc_a.obj</file>
         <name>rtc_a.obj</name>
      </input_file>
      <input_file id="fl-25">
         <path>.\driverlib\MSP430F5xx_6xx\</path>
         <kind>object</kind>
         <file>rtc_b.obj</file>
         <name>rtc_b.obj</name>
      </input_file>
      <input_file id="fl-26">
         <path>.\driverlib\MSP430F5xx_6xx\</path>
         <kind>object</kind>
         <file>rtc_c.obj</file>
         <name>rtc_c.obj</name>
      </input_file>
      <input_file id="fl-27">
         <path>.\driverlib\MSP430F5xx_6xx\</path>
         <kind>object</kind>
         <file>sd24_b.obj</file>
         <name>sd24_b.obj</name>
      </input_file>
      <input_file id="fl-28">
         <path>.\driverlib\MSP430F5xx_6xx\</path>
         <kind>object</kind>
         <file>sfr.obj</file>
         <name>sfr.obj</name>
      </input_file>
      <input_file id="fl-29">
         <path>.\driverlib\MSP430F5xx_6xx\</path>
         <kind>object</kind>
         <file>sysctl.obj</file>
         <name>sysctl.obj</name>
      </input_file>
      <input_file id="fl-2a">
         <path>.\driverlib\MSP430F5xx_6xx\</path>
         <kind>object</kind>
         <file>tec.obj</file>
         <name>tec.obj</name>
      </input_file>
      <input_file id="fl-2b">
         <path>.\driverlib\MSP430F5xx_6xx\</path>
         <kind>object</kind>
         <file>timer_a.obj</file>
         <name>timer_a.obj</name>
      </input_file>
      <input_file id="fl-2c">
         <path>.\driverlib\MSP430F5xx_6xx\</path>
         <kind>object</kind>
         <file>timer_b.obj</file>
         <name>timer_b.obj</name>
      </input_file>
      <input_file id="fl-2d">
         <path>.\driverlib\MSP430F5xx_6xx\</path>
         <kind>object</kind>
         <file>timer_d.obj</file>
         <name>timer_d.obj</name>
      </input_file>
      <input_file id="fl-2e">
         <path>.\driverlib\MSP430F5xx_6xx\</path>
         <kind>object</kind>
         <file>tlv.obj</file>
         <name>tlv.obj</name>
      </input_file>
      <input_file id="fl-2f">
         <path>.\driverlib\MSP430F5xx_6xx\</path>
         <kind>object</kind>
         <file>ucs.obj</file>
         <name>ucs.obj</name>
      </input_file>
      <input_file id="fl-30">
         <path>.\driverlib\MSP430F5xx_6xx\</path>
         <kind>object</kind>
         <file>usci_a_spi.obj</file>
         <name>usci_a_spi.obj</name>
      </input_file>
      <input_file id="fl-31">
         <path>.\driverlib\MSP430F5xx_6xx\</path>
         <kind>object</kind>
         <file>usci_a_uart.obj</file>
         <name>usci_a_uart.obj</name>
      </input_file>
      <input_file id="fl-32">
         <path>.\driverlib\MSP430F5xx_6xx\</path>
         <kind>object</kind>
         <file>usci_b_i2c.obj</file>
         <name>usci_b_i2c.obj</name>
      </input_file>
      <input_file id="fl-33">
         <path>.\driverlib\MSP430F5xx_6xx\</path>
         <kind>object</kind>
         <file>usci_b_spi.obj</file>
         <name>usci_b_spi.obj</name>
      </input_file>
      <input_file id="fl-34">
         <path>.\driverlib\MSP430F5xx_6xx\</path>
         <kind>object</kind>
         <file>wdt_a.obj</file>
         <name>wdt_a.obj</name>
      </input_file>
      <input_file id="fl-3a">
         <kind>object</kind>
         <file>&lt;internal&gt;</file>
         <name>&lt;internal&gt;</name>
      </input_file>
      <input_file id="fl-55">
         <path>C:\ti\ccs1020\ccs\tools\compiler\ti-cgt-msp430_20.2.2.LTS\lib\</path>
         <kind>archive</kind>
         <file>rts430x_lc_rd_eabi.lib</file>
         <name>div16s.asm.obj</name>
      </input_file>
      <input_file id="fl-56">
         <path>C:\ti\ccs1020\ccs\tools\compiler\ti-cgt-msp430_20.2.2.LTS\lib\</path>
         <kind>archive</kind>
         <file>rts430x_lc_rd_eabi.lib</file>
         <name>div16u.asm.obj</name>
      </input_file>
      <input_file id="fl-57">
         <path>C:\ti\ccs1020\ccs\tools\compiler\ti-cgt-msp430_20.2.2.LTS\lib\</path>
         <kind>archive</kind>
         <file>rts430x_lc_rd_eabi.lib</file>
         <name>div32s.asm.obj</name>
      </input_file>
      <input_file id="fl-58">
         <path>C:\ti\ccs1020\ccs\tools\compiler\ti-cgt-msp430_20.2.2.LTS\lib\</path>
         <kind>archive</kind>
         <file>rts430x_lc_rd_eabi.lib</file>
         <name>div32u.asm.obj</name>
      </input_file>
      <input_file id="fl-59">
         <path>C:\ti\ccs1020\ccs\tools\compiler\ti-cgt-msp430_20.2.2.LTS\lib\</path>
         <kind>archive</kind>
         <file>rts430x_lc_rd_eabi.lib</file>
         <name>int37.asm.obj</name>
      </input_file>
      <input_file id="fl-5a">
         <path>C:\ti\ccs1020\ccs\tools\compiler\ti-cgt-msp430_20.2.2.LTS\lib\</path>
         <kind>archive</kind>
         <file>rts430x_lc_rd_eabi.lib</file>
         <name>int40.asm.obj</name>
      </input_file>
      <input_file id="fl-5b">
         <path>C:\ti\ccs1020\ccs\tools\compiler\ti-cgt-msp430_20.2.2.LTS\lib\</path>
         <kind>archive</kind>
         <file>rts430x_lc_rd_eabi.lib</file>
         <name>int41.asm.obj</name>
      </input_file>
      <input_file id="fl-5c">
         <path>C:\ti\ccs1020\ccs\tools\compiler\ti-cgt-msp430_20.2.2.LTS\lib\</path>
         <kind>archive</kind>
         <file>rts430x_lc_rd_eabi.lib</file>
         <name>int42.asm.obj</name>
      </input_file>
      <input_file id="fl-5d">
         <path>C:\ti\ccs1020\ccs\tools\compiler\ti-cgt-msp430_20.2.2.LTS\lib\</path>
         <kind>archive</kind>
         <file>rts430x_lc_rd_eabi.lib</file>
         <name>int43.asm.obj</name>
      </input_file>
      <input_file id="fl-5e">
         <path>C:\ti\ccs1020\ccs\tools\compiler\ti-cgt-msp430_20.2.2.LTS\lib\</path>
         <kind>archive</kind>
         <file>rts430x_lc_rd_eabi.lib</file>
         <name>int45.asm.obj</name>
      </input_file>
      <input_file id="fl-5f">
         <path>C:\ti\ccs1020\ccs\tools\compiler\ti-cgt-msp430_20.2.2.LTS\lib\</path>
         <kind>archive</kind>
         <file>rts430x_lc_rd_eabi.lib</file>
         <name>int47.asm.obj</name>
      </input_file>
      <input_file id="fl-60">
         <path>C:\ti\ccs1020\ccs\tools\compiler\ti-cgt-msp430_20.2.2.LTS\lib\</path>
         <kind>archive</kind>
         <file>rts430x_lc_rd_eabi.lib</file>
         <name>int49.asm.obj</name>
      </input_file>
      <input_file id="fl-61">
         <path>C:\ti\ccs1020\ccs\tools\compiler\ti-cgt-msp430_20.2.2.LTS\lib\</path>
         <kind>archive</kind>
         <file>rts430x_lc_rd_eabi.lib</file>
         <name>int50.asm.obj</name>
      </input_file>
      <input_file id="fl-62">
         <path>C:\ti\ccs1020\ccs\tools\compiler\ti-cgt-msp430_20.2.2.LTS\lib\</path>
         <kind>archive</kind>
         <file>rts430x_lc_rd_eabi.lib</file>
         <name>int51.asm.obj</name>
      </input_file>
      <input_file id="fl-63">
         <path>C:\ti\ccs1020\ccs\tools\compiler\ti-cgt-msp430_20.2.2.LTS\lib\</path>
         <kind>archive</kind>
         <file>rts430x_lc_rd_eabi.lib</file>
         <name>int53.asm.obj</name>
      </input_file>
      <input_file id="fl-64">
         <path>C:\ti\ccs1020\ccs\tools\compiler\ti-cgt-msp430_20.2.2.LTS\lib\</path>
         <kind>archive</kind>
         <file>rts430x_lc_rd_eabi.lib</file>
         <name>int54.asm.obj</name>
      </input_file>
      <input_file id="fl-65">
         <path>C:\ti\ccs1020\ccs\tools\compiler\ti-cgt-msp430_20.2.2.LTS\lib\</path>
         <kind>archive</kind>
         <file>rts430x_lc_rd_eabi.lib</file>
         <name>int55.asm.obj</name>
      </input_file>
      <input_file id="fl-66">
         <path>C:\ti\ccs1020\ccs\tools\compiler\ti-cgt-msp430_20.2.2.LTS\lib\</path>
         <kind>archive</kind>
         <file>rts430x_lc_rd_eabi.lib</file>
         <name>int56.asm.obj</name>
      </input_file>
      <input_file id="fl-67">
         <path>C:\ti\ccs1020\ccs\tools\compiler\ti-cgt-msp430_20.2.2.LTS\lib\</path>
         <kind>archive</kind>
         <file>rts430x_lc_rd_eabi.lib</file>
         <name>int57.asm.obj</name>
      </input_file>
      <input_file id="fl-68">
         <path>C:\ti\ccs1020\ccs\tools\compiler\ti-cgt-msp430_20.2.2.LTS\lib\</path>
         <kind>archive</kind>
         <file>rts430x_lc_rd_eabi.lib</file>
         <name>int58.asm.obj</name>
      </input_file>
      <input_file id="fl-69">
         <path>C:\ti\ccs1020\ccs\tools\compiler\ti-cgt-msp430_20.2.2.LTS\lib\</path>
         <kind>archive</kind>
         <file>rts430x_lc_rd_eabi.lib</file>
         <name>int59.asm.obj</name>
      </input_file>
      <input_file id="fl-6a">
         <path>C:\ti\ccs1020\ccs\tools\compiler\ti-cgt-msp430_20.2.2.LTS\lib\</path>
         <kind>archive</kind>
         <file>rts430x_lc_rd_eabi.lib</file>
         <name>int60.asm.obj</name>
      </input_file>
      <input_file id="fl-6b">
         <path>C:\ti\ccs1020\ccs\tools\compiler\ti-cgt-msp430_20.2.2.LTS\lib\</path>
         <kind>archive</kind>
         <file>rts430x_lc_rd_eabi.lib</file>
         <name>int61.asm.obj</name>
      </input_file>
      <input_file id="fl-6c">
         <path>C:\ti\ccs1020\ccs\tools\compiler\ti-cgt-msp430_20.2.2.LTS\lib\</path>
         <kind>archive</kind>
         <file>rts430x_lc_rd_eabi.lib</file>
         <name>int62.asm.obj</name>
      </input_file>
      <input_file id="fl-6d">
         <path>C:\ti\ccs1020\ccs\tools\compiler\ti-cgt-msp430_20.2.2.LTS\lib\</path>
         <kind>archive</kind>
         <file>rts430x_lc_rd_eabi.lib</file>
         <name>isr_trap.asm.obj</name>
      </input_file>
      <input_file id="fl-6e">
         <path>C:\ti\ccs1020\ccs\tools\compiler\ti-cgt-msp430_20.2.2.LTS\lib\</path>
         <kind>archive</kind>
         <file>rts430x_lc_rd_eabi.lib</file>
         <name>lsl16.asm.obj</name>
      </input_file>
      <input_file id="fl-6f">
         <path>C:\ti\ccs1020\ccs\tools\compiler\ti-cgt-msp430_20.2.2.LTS\lib\</path>
         <kind>archive</kind>
         <file>rts430x_lc_rd_eabi.lib</file>
         <name>lsl32.asm.obj</name>
      </input_file>
      <input_file id="fl-70">
         <path>C:\ti\ccs1020\ccs\tools\compiler\ti-cgt-msp430_20.2.2.LTS\lib\</path>
         <kind>archive</kind>
         <file>rts430x_lc_rd_eabi.lib</file>
         <name>lsr16.asm.obj</name>
      </input_file>
      <input_file id="fl-71">
         <path>C:\ti\ccs1020\ccs\tools\compiler\ti-cgt-msp430_20.2.2.LTS\lib\</path>
         <kind>archive</kind>
         <file>rts430x_lc_rd_eabi.lib</file>
         <name>mult16.asm.obj</name>
      </input_file>
      <input_file id="fl-72">
         <path>C:\ti\ccs1020\ccs\tools\compiler\ti-cgt-msp430_20.2.2.LTS\lib\</path>
         <kind>archive</kind>
         <file>rts430x_lc_rd_eabi.lib</file>
         <name>mult16_f5hw.asm.obj</name>
      </input_file>
      <input_file id="fl-73">
         <path>C:\ti\ccs1020\ccs\tools\compiler\ti-cgt-msp430_20.2.2.LTS\lib\</path>
         <kind>archive</kind>
         <file>rts430x_lc_rd_eabi.lib</file>
         <name>mult1632.asm.obj</name>
      </input_file>
      <input_file id="fl-74">
         <path>C:\ti\ccs1020\ccs\tools\compiler\ti-cgt-msp430_20.2.2.LTS\lib\</path>
         <kind>archive</kind>
         <file>rts430x_lc_rd_eabi.lib</file>
         <name>mult1632_f5hw.asm.obj</name>
      </input_file>
      <input_file id="fl-75">
         <path>C:\ti\ccs1020\ccs\tools\compiler\ti-cgt-msp430_20.2.2.LTS\lib\</path>
         <kind>archive</kind>
         <file>rts430x_lc_rd_eabi.lib</file>
         <name>mult32.asm.obj</name>
      </input_file>
      <input_file id="fl-76">
         <path>C:\ti\ccs1020\ccs\tools\compiler\ti-cgt-msp430_20.2.2.LTS\lib\</path>
         <kind>archive</kind>
         <file>rts430x_lc_rd_eabi.lib</file>
         <name>mult32_f5hw.asm.obj</name>
      </input_file>
      <input_file id="fl-77">
         <path>C:\ti\ccs1020\ccs\tools\compiler\ti-cgt-msp430_20.2.2.LTS\lib\</path>
         <kind>archive</kind>
         <file>rts430x_lc_rd_eabi.lib</file>
         <name>mult3264_f5hw.asm.obj</name>
      </input_file>
      <input_file id="fl-78">
         <path>C:\ti\ccs1020\ccs\tools\compiler\ti-cgt-msp430_20.2.2.LTS\lib\</path>
         <kind>archive</kind>
         <file>rts430x_lc_rd_eabi.lib</file>
         <name>mult64_f5hw.asm.obj</name>
      </input_file>
      <input_file id="fl-79">
         <path>C:\ti\ccs1020\ccs\tools\compiler\ti-cgt-msp430_20.2.2.LTS\lib\</path>
         <kind>archive</kind>
         <file>rts430x_lc_rd_eabi.lib</file>
         <name>boot.c.obj</name>
      </input_file>
      <input_file id="fl-7a">
         <path>C:\ti\ccs1020\ccs\tools\compiler\ti-cgt-msp430_20.2.2.LTS\lib\</path>
         <kind>archive</kind>
         <file>rts430x_lc_rd_eabi.lib</file>
         <name>autoinit.c.obj</name>
      </input_file>
      <input_file id="fl-7b">
         <path>C:\ti\ccs1020\ccs\tools\compiler\ti-cgt-msp430_20.2.2.LTS\lib\</path>
         <kind>archive</kind>
         <file>rts430x_lc_rd_eabi.lib</file>
         <name>copy_zero_init.c.obj</name>
      </input_file>
      <input_file id="fl-7c">
         <path>C:\ti\ccs1020\ccs\tools\compiler\ti-cgt-msp430_20.2.2.LTS\lib\</path>
         <kind>archive</kind>
         <file>rts430x_lc_rd_eabi.lib</file>
         <name>cpy_tbl.c.obj</name>
      </input_file>
      <input_file id="fl-7d">
         <path>C:\ti\ccs1020\ccs\tools\compiler\ti-cgt-msp430_20.2.2.LTS\lib\</path>
         <kind>archive</kind>
         <file>rts430x_lc_rd_eabi.lib</file>
         <name>mpu_init.c.obj</name>
      </input_file>
      <input_file id="fl-7e">
         <path>C:\ti\ccs1020\ccs\tools\compiler\ti-cgt-msp430_20.2.2.LTS\lib\</path>
         <kind>archive</kind>
         <file>rts430x_lc_rd_eabi.lib</file>
         <name>lsr64.c.obj</name>
      </input_file>
      <input_file id="fl-7f">
         <path>C:\ti\ccs1020\ccs\tools\compiler\ti-cgt-msp430_20.2.2.LTS\lib\</path>
         <kind>archive</kind>
         <file>rts430x_lc_rd_eabi.lib</file>
         <name>pre_init.c.obj</name>
      </input_file>
      <input_file id="fl-80">
         <path>C:\ti\ccs1020\ccs\tools\compiler\ti-cgt-msp430_20.2.2.LTS\lib\</path>
         <kind>archive</kind>
         <file>rts430x_lc_rd_eabi.lib</file>
         <name>startup.c.obj</name>
      </input_file>
      <input_file id="fl-81">
         <path>C:\ti\ccs1020\ccs\tools\compiler\ti-cgt-msp430_20.2.2.LTS\lib\</path>
         <kind>archive</kind>
         <file>rts430x_lc_rd_eabi.lib</file>
         <name>copy_decompress_none.c.obj</name>
      </input_file>
      <input_file id="fl-82">
         <path>C:\ti\ccs1020\ccs\tools\compiler\ti-cgt-msp430_20.2.2.LTS\lib\</path>
         <kind>archive</kind>
         <file>rts430x_lc_rd_eabi.lib</file>
         <name>copy_decompress_lzss.c.obj</name>
      </input_file>
      <input_file id="fl-83">
         <path>C:\ti\ccs1020\ccs\tools\compiler\ti-cgt-msp430_20.2.2.LTS\lib\</path>
         <kind>archive</kind>
         <file>rts430x_lc_rd_eabi.lib</file>
         <name>exit.c.obj</name>
      </input_file>
      <input_file id="fl-84">
         <path>C:\ti\ccs1020\ccs\tools\compiler\ti-cgt-msp430_20.2.2.LTS\lib\</path>
         <kind>archive</kind>
         <file>rts430x_lc_rd_eabi.lib</file>
         <name>_lock.c.obj</name>
      </input_file>
      <input_file id="fl-85">
         <path>C:\ti\ccs1020\ccs\tools\compiler\ti-cgt-msp430_20.2.2.LTS\lib\</path>
         <kind>archive</kind>
         <file>rts430x_lc_rd_eabi.lib</file>
         <name>args_main.c.obj</name>
      </input_file>
      <input_file id="fl-86">
         <path>C:\ti\ccs1020\ccs\tools\compiler\ti-cgt-msp430_20.2.2.LTS\lib\</path>
         <kind>archive</kind>
         <file>rts430x_lc_rd_eabi.lib</file>
         <name>memcpy.c.obj</name>
      </input_file>
      <input_file id="fl-87">
         <path>C:\ti\ccs1020\ccs\tools\compiler\ti-cgt-msp430_20.2.2.LTS\lib\</path>
         <kind>archive</kind>
         <file>rts430x_lc_rd_eabi.lib</file>
         <name>memset.c.obj</name>
      </input_file>
      <input_file id="fl-88">
         <path>C:\ti\ccs1020\ccs\tools\compiler\ti-cgt-msp430_20.2.2.LTS\lib\</path>
         <kind>archive</kind>
         <file>rts430x_lc_rd_eabi.lib</file>
         <name>abs.c.obj</name>
      </input_file>
      <input_file id="fl-89">
         <path>C:\ti\ccs1020\ccs\tools\compiler\ti-cgt-msp430_20.2.2.LTS\lib\</path>
         <kind>archive</kind>
         <file>rts430x_lc_rd_eabi.lib</file>
         <name>exit_gvars.c.obj</name>
      </input_file>
   </input_file_list>
   <object_component_list>
      <object_component id="oc-461">
         <name>.bss</name>
         <uninitialized>true</uninitialized>
         <run_address>0x2486</run_address>
         <size>0x8</size>
         <input_file_ref idref="fl-4"/>
      </object_component>
      <object_component id="oc-4ff">
         <name>.common:bgColor</name>
         <uninitialized>true</uninitialized>
         <run_address>0x248e</run_address>
         <size>0x2</size>
      </object_component>
      <object_component id="oc-517">
         <name>.common:textColor</name>
         <uninitialized>true</uninitialized>
         <run_address>0x2492</run_address>
         <size>0x2</size>
      </object_component>
      <object_component id="oc-43a">
         <name>.common:select_dir</name>
         <uninitialized>true</uninitialized>
         <run_address>0x2490</run_address>
         <size>0x2</size>
      </object_component>
      <object_component id="oc-5cb">
         <name>.common:bmi160config</name>
         <uninitialized>true</uninitialized>
         <run_address>0x245a</run_address>
         <size>0x2c</size>
      </object_component>
      <object_component id="oc-45e">
         <name>.data</name>
         <load_address>0x2450</load_address>
         <run_address>0x2450</run_address>
         <size>0x5</size>
         <input_file_ref idref="fl-4"/>
      </object_component>
      <object_component id="oc-838">
         <name>.data:LCD_SPI_CONFIG</name>
         <load_address>0x2412</load_address>
         <run_address>0x2412</run_address>
         <size>0xe</size>
         <input_file_ref idref="fl-5"/>
      </object_component>
      <object_component id="oc-628">
         <name>.data:timerA2Param</name>
         <load_address>0x242e</load_address>
         <run_address>0x242e</run_address>
         <size>0xe</size>
         <input_file_ref idref="fl-6"/>
      </object_component>
      <object_component id="oc-62b">
         <name>.data:dacParam</name>
         <load_address>0x243c</load_address>
         <run_address>0x243c</run_address>
         <size>0xc</size>
         <input_file_ref idref="fl-6"/>
      </object_component>
      <object_component id="oc-444">
         <name>.data</name>
         <load_address>0x2458</load_address>
         <run_address>0x2458</run_address>
         <size>0x2</size>
         <input_file_ref idref="fl-6"/>
      </object_component>
      <object_component id="oc-440">
         <name>.data</name>
         <load_address>0x2400</load_address>
         <run_address>0x2400</run_address>
         <size>0x12</size>
         <input_file_ref idref="fl-7"/>
      </object_component>
      <object_component id="oc-615">
         <name>.data:timerA0Param</name>
         <load_address>0x2420</load_address>
         <run_address>0x2420</run_address>
         <size>0xe</size>
         <input_file_ref idref="fl-7"/>
      </object_component>
      <object_component id="oc-61e">
         <name>.data:timerA0Compare</name>
         <load_address>0x2448</load_address>
         <run_address>0x2448</run_address>
         <size>0x8</size>
         <input_file_ref idref="fl-7"/>
      </object_component>
      <object_component id="oc-43d">
         <name>.data</name>
         <load_address>0x2455</load_address>
         <run_address>0x2455</run_address>
         <size>0x3</size>
         <input_file_ref idref="fl-8"/>
      </object_component>
      <object_component id="oc-399">
         <name>.stack</name>
         <uninitialized>true</uninitialized>
         <run_address>0x6360</run_address>
         <size>0x4</size>
         <input_file_ref idref="fl-79"/>
      </object_component>
      <object_component id="oc-a56">
         <name>.stack</name>
         <uninitialized>true</uninitialized>
         <run_address>0x6360</run_address>
         <size>0x0</size>
      </object_component>
      <object_component id="oc-536">
         <name>.text:AlignSteppers</name>
         <load_address>0x10000</load_address>
         <run_address>0x10000</run_address>
         <size>0x27a</size>
         <input_file_ref idref="fl-7"/>
      </object_component>
      <object_component id="oc-51e">
         <name>.text:UI_DisplayMenu</name>
         <load_address>0x1027a</load_address>
         <run_address>0x1027a</run_address>
         <size>0x1d6</size>
         <input_file_ref idref="fl-8"/>
      </object_component>
      <object_component id="oc-7f9">
         <name>.text:get_accel_gyro_data</name>
         <load_address>0x10450</load_address>
         <run_address>0x10450</run_address>
         <size>0x1ae</size>
         <input_file_ref idref="fl-9"/>
      </object_component>
      <object_component id="oc-7ff">
         <name>.text:get_gyro_data</name>
         <load_address>0x105fe</load_address>
         <run_address>0x105fe</run_address>
         <size>0x1a4</size>
         <input_file_ref idref="fl-9"/>
      </object_component>
      <object_component id="oc-487">
         <name>.text:main</name>
         <load_address>0x107a2</load_address>
         <run_address>0x107a2</run_address>
         <size>0x182</size>
         <input_file_ref idref="fl-2"/>
      </object_component>
      <object_component id="oc-53c">
         <name>.text:AxisAlign</name>
         <load_address>0x10924</load_address>
         <run_address>0x10924</run_address>
         <size>0x174</size>
         <input_file_ref idref="fl-7"/>
      </object_component>
      <object_component id="oc-5fc">
         <name>.text:LCD_setAddrWindow</name>
         <load_address>0x10a98</load_address>
         <run_address>0x10a98</run_address>
         <size>0x14e</size>
         <input_file_ref idref="fl-5"/>
      </object_component>
      <object_component id="oc-4f9">
         <name>.text:BMI160_Init</name>
         <load_address>0x10be6</load_address>
         <run_address>0x10be6</run_address>
         <size>0x12c</size>
         <input_file_ref idref="fl-b"/>
      </object_component>
      <object_component id="oc-805">
         <name>.text:get_accel_data</name>
         <load_address>0x10d12</load_address>
         <run_address>0x10d12</run_address>
         <size>0x104</size>
         <input_file_ref idref="fl-9"/>
      </object_component>
      <object_component id="oc-8dd">
         <name>.text:map_feature_interrupt</name>
         <load_address>0x10e16</load_address>
         <run_address>0x10e16</run_address>
         <size>0xf6</size>
         <input_file_ref idref="fl-9"/>
      </object_component>
      <object_component id="oc-524">
         <name>.text:MoveSteppersManual</name>
         <load_address>0x10f0c</load_address>
         <run_address>0x10f0c</run_address>
         <size>0xec</size>
         <input_file_ref idref="fl-7"/>
      </object_component>
      <object_component id="oc-8a2">
         <name>.text:config_int_out_ctrl</name>
         <load_address>0x10ff8</load_address>
         <run_address>0x10ff8</run_address>
         <size>0xea</size>
         <input_file_ref idref="fl-9"/>
      </object_component>
      <object_component id="oc-59e">
         <name>.text:UCS_initFLL</name>
         <load_address>0x110e2</load_address>
         <run_address>0x110e2</run_address>
         <size>0xe2</size>
         <input_file_ref idref="fl-2f"/>
      </object_component>
      <object_component id="oc-930">
         <name>.text:config_step_detect</name>
         <load_address>0x111c4</load_address>
         <run_address>0x111c4</run_address>
         <size>0xde</size>
         <input_file_ref idref="fl-9"/>
      </object_component>
      <object_component id="oc-650">
         <name>.text:LCD_DrawRectangle</name>
         <load_address>0x112a2</load_address>
         <run_address>0x112a2</run_address>
         <size>0xd0</size>
         <input_file_ref idref="fl-5"/>
      </object_component>
      <object_component id="oc-9a7">
         <name>.text:config_tap_param</name>
         <load_address>0x11372</load_address>
         <run_address>0x11372</run_address>
         <size>0xca</size>
         <input_file_ref idref="fl-9"/>
      </object_component>
      <object_component id="oc-542">
         <name>.text:Stepper_Track</name>
         <load_address>0x1143c</load_address>
         <run_address>0x1143c</run_address>
         <size>0xbe</size>
         <input_file_ref idref="fl-7"/>
      </object_component>
      <object_component id="oc-916">
         <name>.text:config_orient_int_settg</name>
         <load_address>0x114fa</load_address>
         <run_address>0x114fa</run_address>
         <size>0xbc</size>
         <input_file_ref idref="fl-9"/>
      </object_component>
      <object_component id="oc-66f">
         <name>.text:bmi160_set_int_config</name>
         <load_address>0x115b6</load_address>
         <run_address>0x115b6</run_address>
         <size>0xb6</size>
         <input_file_ref idref="fl-9"/>
      </object_component>
      <object_component id="oc-8b5">
         <name>.text:map_hardware_interrupt</name>
         <load_address>0x1166c</load_address>
         <run_address>0x1166c</run_address>
         <size>0xb6</size>
         <input_file_ref idref="fl-9"/>
      </object_component>
      <object_component id="oc-5bf">
         <name>.text:I2C_Init</name>
         <load_address>0x11722</load_address>
         <run_address>0x11722</run_address>
         <size>0xac</size>
         <input_file_ref idref="fl-b"/>
      </object_component>
      <object_component id="oc-98e">
         <name>.text:config_no_motion_dur_thr</name>
         <load_address>0x117ce</load_address>
         <run_address>0x117ce</run_address>
         <size>0xaa</size>
         <input_file_ref idref="fl-9"/>
      </object_component>
      <object_component id="oc-4e7">
         <name>.text:UCS_initClockSignal</name>
         <load_address>0x11878</load_address>
         <run_address>0x11878</run_address>
         <size>0xa6</size>
         <input_file_ref idref="fl-2f"/>
      </object_component>
      <object_component id="oc-5e0">
         <name>.text:bmi160_set_regs</name>
         <load_address>0x1191e</load_address>
         <run_address>0x1191e</run_address>
         <size>0xa4</size>
         <input_file_ref idref="fl-9"/>
      </object_component>
      <object_component id="oc-5ce">
         <name>.text:bmi_i2c_read</name>
         <load_address>0x119c2</load_address>
         <run_address>0x119c2</run_address>
         <size>0x9e</size>
         <input_file_ref idref="fl-b"/>
      </object_component>
      <object_component id="oc-5c5">
         <name>.text:bmi_i2c_write</name>
         <load_address>0x11a60</load_address>
         <run_address>0x11a60</run_address>
         <size>0x90</size>
         <input_file_ref idref="fl-b"/>
      </object_component>
      <object_component id="oc-9b7">
         <name>.text:config_sig_dur_threshold</name>
         <load_address>0x11af0</load_address>
         <run_address>0x11af0</run_address>
         <size>0x8e</size>
         <input_file_ref idref="fl-9"/>
      </object_component>
      <object_component id="oc-88e">
         <name>.text:bmi160_config_aux_mode</name>
         <load_address>0x11b7e</load_address>
         <run_address>0x11b7e</run_address>
         <size>0x8c</size>
         <input_file_ref idref="fl-9"/>
      </object_component>
      <object_component id="oc-5a6">
         <name>.text:LCD_Init</name>
         <load_address>0x11c0a</load_address>
         <run_address>0x11c0a</run_address>
         <size>0x88</size>
         <input_file_ref idref="fl-5"/>
      </object_component>
      <object_component id="oc-851">
         <name>.text:sendCommand</name>
         <load_address>0x11c92</load_address>
         <run_address>0x11c92</run_address>
         <size>0x88</size>
         <input_file_ref idref="fl-5"/>
      </object_component>
      <object_component id="oc-8a8">
         <name>.text:config_int_latch</name>
         <load_address>0x11d1a</load_address>
         <run_address>0x11d1a</run_address>
         <size>0x86</size>
         <input_file_ref idref="fl-9"/>
      </object_component>
      <object_component id="oc-944">
         <name>.text:enable_accel_any_motion_int</name>
         <load_address>0x11da0</load_address>
         <run_address>0x11da0</run_address>
         <size>0x86</size>
         <input_file_ref idref="fl-9"/>
      </object_component>
      <object_component id="oc-504">
         <name>.text:LCD_Clear</name>
         <load_address>0x11e26</load_address>
         <run_address>0x11e26</run_address>
         <size>0x82</size>
         <input_file_ref idref="fl-5"/>
      </object_component>
      <object_component id="oc-880">
         <name>.text:process_under_sampling</name>
         <load_address>0x11ea8</load_address>
         <run_address>0x11ea8</run_address>
         <size>0x82</size>
         <input_file_ref idref="fl-9"/>
      </object_component>
      <object_component id="oc-75f">
         <name>.text:set_gyro_pwr</name>
         <load_address>0x11f2a</load_address>
         <run_address>0x11f2a</run_address>
         <size>0x82</size>
         <input_file_ref idref="fl-9"/>
      </object_component>
      <object_component id="oc-792">
         <name>.text:LCD_SetPoint</name>
         <load_address>0x11fac</load_address>
         <run_address>0x11fac</run_address>
         <size>0x7e</size>
         <input_file_ref idref="fl-5"/>
      </object_component>
      <object_component id="oc-909">
         <name>.text:config_flat_int_settg</name>
         <load_address>0x1202a</load_address>
         <run_address>0x1202a</run_address>
         <size>0x7e</size>
         <input_file_ref idref="fl-9"/>
      </object_component>
      <object_component id="oc-618">
         <name>.text:Timer_A_initUpMode</name>
         <load_address>0x120a8</load_address>
         <run_address>0x120a8</run_address>
         <size>0x7c</size>
         <input_file_ref idref="fl-2b"/>
      </object_component>
      <object_component id="oc-8e9">
         <name>.text:config_low_g_int_settg</name>
         <load_address>0x12124</load_address>
         <run_address>0x12124</run_address>
         <size>0x7c</size>
         <input_file_ref idref="fl-9"/>
      </object_component>
      <object_component id="oc-71">
         <name>.text:decompress:lzss:__TI_decompress_lzss</name>
         <load_address>0x121a0</load_address>
         <run_address>0x121a0</run_address>
         <size>0x76</size>
         <input_file_ref idref="fl-82"/>
      </object_component>
      <object_component id="oc-676">
         <name>.text:bmi160_get_sensor_data</name>
         <load_address>0x12216</load_address>
         <run_address>0x12216</run_address>
         <size>0x70</size>
         <input_file_ref idref="fl-9"/>
      </object_component>
      <object_component id="oc-91d">
         <name>.text:enable_tap_int</name>
         <load_address>0x12286</load_address>
         <run_address>0x12286</run_address>
         <size>0x70</size>
         <input_file_ref idref="fl-9"/>
      </object_component>
      <object_component id="oc-759">
         <name>.text:set_accel_pwr</name>
         <load_address>0x122f6</load_address>
         <run_address>0x122f6</run_address>
         <size>0x70</size>
         <input_file_ref idref="fl-9"/>
      </object_component>
      <object_component id="oc-6cf">
         <name>.text:LCD_initSPI</name>
         <load_address>0x12366</load_address>
         <run_address>0x12366</run_address>
         <size>0x6e</size>
         <input_file_ref idref="fl-5"/>
      </object_component>
      <object_component id="oc-530">
         <name>.text:UI_SetColor</name>
         <load_address>0x123d4</load_address>
         <run_address>0x123d4</run_address>
         <size>0x6e</size>
         <input_file_ref idref="fl-8"/>
      </object_component>
      <object_component id="oc-5da">
         <name>.text:bmi160_init</name>
         <load_address>0x12442</load_address>
         <run_address>0x12442</run_address>
         <size>0x6e</size>
         <input_file_ref idref="fl-9"/>
      </object_component>
      <object_component id="oc-9cb">
         <name>.text:config_any_dur_threshold</name>
         <load_address>0x124b0</load_address>
         <run_address>0x124b0</run_address>
         <size>0x6a</size>
         <input_file_ref idref="fl-9"/>
      </object_component>
      <object_component id="oc-8f0">
         <name>.text:enable_high_g_int</name>
         <load_address>0x1251a</load_address>
         <run_address>0x1251a</run_address>
         <size>0x6a</size>
         <input_file_ref idref="fl-9"/>
      </object_component>
      <object_component id="oc-8fc">
         <name>.text:config_high_g_int_settg</name>
         <load_address>0x12584</load_address>
         <run_address>0x12584</run_address>
         <size>0x66</size>
         <input_file_ref idref="fl-9"/>
      </object_component>
      <object_component id="oc-8ca">
         <name>.text:enable_no_motion_int</name>
         <load_address>0x125ea</load_address>
         <run_address>0x125ea</run_address>
         <size>0x66</size>
         <input_file_ref idref="fl-9"/>
      </object_component>
      <object_component id="oc-750">
         <name>.text:bmi160_soft_reset</name>
         <load_address>0x12650</load_address>
         <run_address>0x12650</run_address>
         <size>0x64</size>
         <input_file_ref idref="fl-9"/>
      </object_component>
      <object_component id="oc-647">
         <name>.text:PutChar</name>
         <load_address>0x126b4</load_address>
         <run_address>0x126b4</run_address>
         <size>0x5e</size>
         <input_file_ref idref="fl-5"/>
      </object_component>
      <object_component id="oc-888">
         <name>.text:config_sec_if</name>
         <load_address>0x12712</load_address>
         <run_address>0x12712</run_address>
         <size>0x5e</size>
         <input_file_ref idref="fl-9"/>
      </object_component>
      <object_component id="oc-83b">
         <name>.text:USCI_B_SPI_initMaster</name>
         <load_address>0x12770</load_address>
         <run_address>0x12770</run_address>
         <size>0x5c</size>
         <input_file_ref idref="fl-33"/>
      </object_component>
      <object_component id="oc-937">
         <name>.text:enable_sig_motion_int</name>
         <load_address>0x127cc</load_address>
         <run_address>0x127cc</run_address>
         <size>0x5c</size>
         <input_file_ref idref="fl-9"/>
      </object_component>
      <object_component id="oc-6de">
         <name>.text:LCD_initDisplay</name>
         <load_address>0x12828</load_address>
         <run_address>0x12828</run_address>
         <size>0x58</size>
         <input_file_ref idref="fl-5"/>
      </object_component>
      <object_component id="oc-866">
         <name>.text</name>
         <load_address>0x12880</load_address>
         <run_address>0x12880</run_address>
         <size>0x58</size>
         <input_file_ref idref="fl-58"/>
      </object_component>
      <object_component id="oc-7ce">
         <name>.text:set_accel_high_g_int</name>
         <load_address>0x128d8</load_address>
         <run_address>0x128d8</run_address>
         <size>0x58</size>
         <input_file_ref idref="fl-9"/>
      </object_component>
      <object_component id="oc-7c8">
         <name>.text:set_accel_low_g_int</name>
         <load_address>0x12930</load_address>
         <run_address>0x12930</run_address>
         <size>0x58</size>
         <input_file_ref idref="fl-9"/>
      </object_component>
      <object_component id="oc-723">
         <name>.text:PMAP_initPorts</name>
         <load_address>0x12988</load_address>
         <run_address>0x12988</run_address>
         <size>0x56</size>
         <input_file_ref idref="fl-20"/>
      </object_component>
      <object_component id="oc-510">
         <name>.text:Speaker_Init</name>
         <load_address>0x129de</load_address>
         <run_address>0x129de</run_address>
         <size>0x56</size>
         <input_file_ref idref="fl-6"/>
      </object_component>
      <object_component id="oc-56d">
         <name>.text:__TI_auto_init_nobinit_nopinit_hold_wdt:__TI_auto_init_nobinit_nopinit_hold_wdt</name>
         <load_address>0x12a34</load_address>
         <run_address>0x12a34</run_address>
         <size>0x54</size>
         <input_file_ref idref="fl-7a"/>
      </object_component>
      <object_component id="oc-6f0">
         <name>.text:Timer_B_initContinuousMode</name>
         <load_address>0x12a88</load_address>
         <run_address>0x12a88</run_address>
         <size>0x50</size>
         <input_file_ref idref="fl-2c"/>
      </object_component>
      <object_component id="oc-877">
         <name>.text:default_param_settg</name>
         <load_address>0x12ad8</load_address>
         <run_address>0x12ad8</run_address>
         <size>0x50</size>
         <input_file_ref idref="fl-9"/>
      </object_component>
      <object_component id="oc-8af">
         <name>.text:enable_fifo_wtm_int</name>
         <load_address>0x12b28</load_address>
         <run_address>0x12b28</run_address>
         <size>0x4e</size>
         <input_file_ref idref="fl-9"/>
      </object_component>
      <object_component id="oc-8e3">
         <name>.text:config_low_g_data_src</name>
         <load_address>0x12b76</load_address>
         <run_address>0x12b76</run_address>
         <size>0x4c</size>
         <input_file_ref idref="fl-9"/>
      </object_component>
      <object_component id="oc-988">
         <name>.text:config_no_motion_data_src</name>
         <load_address>0x12bc2</load_address>
         <run_address>0x12bc2</run_address>
         <size>0x4c</size>
         <input_file_ref idref="fl-9"/>
      </object_component>
      <object_component id="oc-903">
         <name>.text:enable_flat_int</name>
         <load_address>0x12c0e</load_address>
         <run_address>0x12c0e</run_address>
         <size>0x4c</size>
         <input_file_ref idref="fl-9"/>
      </object_component>
      <object_component id="oc-8d7">
         <name>.text:enable_low_g_int</name>
         <load_address>0x12c5a</load_address>
         <run_address>0x12c5a</run_address>
         <size>0x4c</size>
         <input_file_ref idref="fl-9"/>
      </object_component>
      <object_component id="oc-7d4">
         <name>.text:set_accel_flat_detect_int</name>
         <load_address>0x12ca6</load_address>
         <run_address>0x12ca6</run_address>
         <size>0x4c</size>
         <input_file_ref idref="fl-9"/>
      </object_component>
      <object_component id="oc-7da">
         <name>.text:set_accel_orientation_int</name>
         <load_address>0x12cf2</load_address>
         <run_address>0x12cf2</run_address>
         <size>0x4c</size>
         <input_file_ref idref="fl-9"/>
      </object_component>
      <object_component id="oc-7e6">
         <name>.text:set_accel_step_detect_int</name>
         <load_address>0x12d3e</load_address>
         <run_address>0x12d3e</run_address>
         <size>0x4c</size>
         <input_file_ref idref="fl-9"/>
      </object_component>
      <object_component id="oc-9c5">
         <name>.text:config_any_motion_src</name>
         <load_address>0x12d8a</load_address>
         <run_address>0x12d8a</run_address>
         <size>0x4a</size>
         <input_file_ref idref="fl-9"/>
      </object_component>
      <object_component id="oc-8f6">
         <name>.text:config_high_g_data_src</name>
         <load_address>0x12dd4</load_address>
         <run_address>0x12dd4</run_address>
         <size>0x4a</size>
         <input_file_ref idref="fl-9"/>
      </object_component>
      <object_component id="oc-9b1">
         <name>.text:config_sig_motion_data_src</name>
         <load_address>0x12e1e</load_address>
         <run_address>0x12e1e</run_address>
         <size>0x4a</size>
         <input_file_ref idref="fl-9"/>
      </object_component>
      <object_component id="oc-9a1">
         <name>.text:config_tap_data_src</name>
         <load_address>0x12e68</load_address>
         <run_address>0x12e68</run_address>
         <size>0x4a</size>
         <input_file_ref idref="fl-9"/>
      </object_component>
      <object_component id="oc-8bc">
         <name>.text:enable_fifo_full_int</name>
         <load_address>0x12eb2</load_address>
         <run_address>0x12eb2</run_address>
         <size>0x4a</size>
         <input_file_ref idref="fl-9"/>
      </object_component>
      <object_component id="oc-910">
         <name>.text:enable_orient_int</name>
         <load_address>0x12efc</load_address>
         <run_address>0x12efc</run_address>
         <size>0x4a</size>
         <input_file_ref idref="fl-9"/>
      </object_component>
      <object_component id="oc-62e">
         <name>.text:DAC12_A_init</name>
         <load_address>0x12f46</load_address>
         <run_address>0x12f46</run_address>
         <size>0x48</size>
         <input_file_ref idref="fl-13"/>
      </object_component>
      <object_component id="oc-7e0">
         <name>.text:set_accel_tap_int</name>
         <load_address>0x12f8e</load_address>
         <run_address>0x12f8e</run_address>
         <size>0x46</size>
         <input_file_ref idref="fl-9"/>
      </object_component>
      <object_component id="oc-634">
         <name>.text:DAC12_A_setInputDataFormat</name>
         <load_address>0x12fd4</load_address>
         <run_address>0x12fd4</run_address>
         <size>0x44</size>
         <input_file_ref idref="fl-13"/>
      </object_component>
      <object_component id="oc-92a">
         <name>.text:enable_step_detect_int</name>
         <load_address>0x13018</load_address>
         <run_address>0x13018</run_address>
         <size>0x44</size>
         <input_file_ref idref="fl-9"/>
      </object_component>
      <object_component id="oc-94a">
         <name>.text:config_any_motion_int_settg</name>
         <load_address>0x1305c</load_address>
         <run_address>0x1305c</run_address>
         <size>0x40</size>
         <input_file_ref idref="fl-9"/>
      </object_component>
      <object_component id="oc-9bf">
         <name>.text:disable_sig_motion_int</name>
         <load_address>0x1309c</load_address>
         <run_address>0x1309c</run_address>
         <size>0x3e</size>
         <input_file_ref idref="fl-9"/>
      </object_component>
      <object_component id="oc-8c3">
         <name>.text:enable_data_ready_int</name>
         <load_address>0x130da</load_address>
         <run_address>0x130da</run_address>
         <size>0x3e</size>
         <input_file_ref idref="fl-9"/>
      </object_component>
      <object_component id="oc-518">
         <name>.text:LCD_Text</name>
         <load_address>0x13118</load_address>
         <run_address>0x13118</run_address>
         <size>0x3c</size>
         <input_file_ref idref="fl-5"/>
      </object_component>
      <object_component id="oc-76d">
         <name>.text:LCD_writeCommand</name>
         <load_address>0x13154</load_address>
         <run_address>0x13154</run_address>
         <size>0x3c</size>
         <input_file_ref idref="fl-5"/>
      </object_component>
      <object_component id="oc-4f3">
         <name>.text:UI_Init</name>
         <load_address>0x13190</load_address>
         <run_address>0x13190</run_address>
         <size>0x3c</size>
         <input_file_ref idref="fl-8"/>
      </object_component>
      <object_component id="oc-70e">
         <name>.text:USCI_B_I2C_initMaster</name>
         <load_address>0x131cc</load_address>
         <run_address>0x131cc</run_address>
         <size>0x3c</size>
         <input_file_ref idref="fl-32"/>
      </object_component>
      <object_component id="oc-7bc">
         <name>.text:set_accel_gyro_data_ready_int</name>
         <load_address>0x13208</load_address>
         <run_address>0x13208</run_address>
         <size>0x3a</size>
         <input_file_ref idref="fl-9"/>
      </object_component>
      <object_component id="oc-63a">
         <name>.text:DAC12_A_calibrateOutput</name>
         <load_address>0x13242</load_address>
         <run_address>0x13242</run_address>
         <size>0x38</size>
         <input_file_ref idref="fl-13"/>
      </object_component>
      <object_component id="oc-621">
         <name>.text:Timer_A_initCompareMode</name>
         <load_address>0x1327a</load_address>
         <run_address>0x1327a</run_address>
         <size>0x38</size>
         <input_file_ref idref="fl-2b"/>
      </object_component>
      <object_component id="oc-6f6">
         <name>.text:Timer_B_initCompareMode</name>
         <load_address>0x132b2</load_address>
         <run_address>0x132b2</run_address>
         <size>0x38</size>
         <input_file_ref idref="fl-2c"/>
      </object_component>
      <object_component id="oc-74a">
         <name>.text:bmi160_get_regs</name>
         <load_address>0x132ea</load_address>
         <run_address>0x132ea</run_address>
         <size>0x38</size>
         <input_file_ref idref="fl-9"/>
      </object_component>
      <object_component id="oc-923">
         <name>.text:config_tap_int_settg</name>
         <load_address>0x13322</load_address>
         <run_address>0x13322</run_address>
         <size>0x38</size>
         <input_file_ref idref="fl-9"/>
      </object_component>
      <object_component id="oc-4ed">
         <name>.text:UCS_initFLLSettle</name>
         <load_address>0x1335a</load_address>
         <run_address>0x1335a</run_address>
         <size>0x36</size>
         <input_file_ref idref="fl-2f"/>
      </object_component>
      <object_component id="oc-8d0">
         <name>.text:config_no_motion_int_settg</name>
         <load_address>0x13390</load_address>
         <run_address>0x13390</run_address>
         <size>0x36</size>
         <input_file_ref idref="fl-9"/>
      </object_component>
      <object_component id="oc-93d">
         <name>.text:config_sig_motion_int_settg</name>
         <load_address>0x133c6</load_address>
         <run_address>0x133c6</run_address>
         <size>0x36</size>
         <input_file_ref idref="fl-9"/>
      </object_component>
      <object_component id="oc-7f2">
         <name>.text:set_accel_any_motion_int</name>
         <load_address>0x133fc</load_address>
         <run_address>0x133fc</run_address>
         <size>0x36</size>
         <input_file_ref idref="fl-9"/>
      </object_component>
      <object_component id="oc-7c2">
         <name>.text:set_accel_no_motion_int</name>
         <load_address>0x13432</load_address>
         <run_address>0x13432</run_address>
         <size>0x36</size>
         <input_file_ref idref="fl-9"/>
      </object_component>
      <object_component id="oc-7ec">
         <name>.text:set_accel_sig_motion_int</name>
         <load_address>0x13468</load_address>
         <run_address>0x13468</run_address>
         <size>0x36</size>
         <input_file_ref idref="fl-9"/>
      </object_component>
      <object_component id="oc-7b6">
         <name>.text:set_fifo_full_int</name>
         <load_address>0x1349e</load_address>
         <run_address>0x1349e</run_address>
         <size>0x36</size>
         <input_file_ref idref="fl-9"/>
      </object_component>
      <object_component id="oc-7b0">
         <name>.text:set_fifo_watermark_int</name>
         <load_address>0x134d4</load_address>
         <run_address>0x134d4</run_address>
         <size>0x36</size>
         <input_file_ref idref="fl-9"/>
      </object_component>
      <object_component id="oc-5ac">
         <name>.text:GPIO_setAsInputPin</name>
         <load_address>0x1350a</load_address>
         <run_address>0x1350a</run_address>
         <size>0x34</size>
         <input_file_ref idref="fl-1a"/>
      </object_component>
      <object_component id="oc-5b2">
         <name>.text:GPIO_selectInterruptEdge</name>
         <load_address>0x1353e</load_address>
         <run_address>0x1353e</run_address>
         <size>0x2e</size>
         <input_file_ref idref="fl-1a"/>
      </object_component>
      <object_component id="oc-50a">
         <name>.text:Stepper_Init</name>
         <load_address>0x1356c</load_address>
         <run_address>0x1356c</run_address>
         <size>0x2e</size>
         <input_file_ref idref="fl-7"/>
      </object_component>
      <object_component id="oc-787">
         <name>.text:GetASCIICode</name>
         <load_address>0x1359a</load_address>
         <run_address>0x1359a</run_address>
         <size>0x2c</size>
         <input_file_ref idref="fl-3"/>
      </object_component>
      <object_component id="oc-6d5">
         <name>.text:LCD_reset</name>
         <load_address>0x135c6</load_address>
         <run_address>0x135c6</run_address>
         <size>0x2a</size>
         <input_file_ref idref="fl-5"/>
      </object_component>
      <object_component id="oc-5d4">
         <name>.text:bmi_delay_ms</name>
         <load_address>0x135f0</load_address>
         <run_address>0x135f0</run_address>
         <size>0x2a</size>
         <input_file_ref idref="fl-b"/>
      </object_component>
      <object_component id="oc-60f">
         <name>.text:GPIO_setAsOutputPin</name>
         <load_address>0x1361a</load_address>
         <run_address>0x1361a</run_address>
         <size>0x28</size>
         <input_file_ref idref="fl-1a"/>
      </object_component>
      <object_component id="oc-640">
         <name>.text:GPIO_setAsPeripheralModuleFunctionOutputPin</name>
         <load_address>0x13642</load_address>
         <run_address>0x13642</run_address>
         <size>0x28</size>
         <input_file_ref idref="fl-1a"/>
      </object_component>
      <object_component id="oc-5e6">
         <name>.text:bmi160_set_power_mode</name>
         <load_address>0x1366a</load_address>
         <run_address>0x1366a</run_address>
         <size>0x26</size>
         <input_file_ref idref="fl-9"/>
      </object_component>
      <object_component id="oc-3de">
         <name>.text:decompress:ZI:__TI_zero_init_nomemset:__TI_zero_init_nomemset</name>
         <load_address>0x13690</load_address>
         <run_address>0x13690</run_address>
         <size>0x24</size>
         <input_file_ref idref="fl-7b"/>
      </object_component>
      <object_component id="oc-744">
         <name>.text:null_ptr_check</name>
         <load_address>0x136b4</load_address>
         <run_address>0x136b4</run_address>
         <size>0x24</size>
         <input_file_ref idref="fl-9"/>
      </object_component>
      <object_component id="oc-5ec">
         <name>.text:bmi160_aux_init</name>
         <load_address>0x136d8</load_address>
         <run_address>0x136d8</run_address>
         <size>0x22</size>
         <input_file_ref idref="fl-9"/>
      </object_component>
      <object_component id="oc-848">
         <name>.text:Delay</name>
         <load_address>0x136fa</load_address>
         <run_address>0x136fa</run_address>
         <size>0x20</size>
         <input_file_ref idref="fl-5"/>
      </object_component>
      <object_component id="oc-42c">
         <name>.text:LCD_decBacklight</name>
         <load_address>0x1371a</load_address>
         <run_address>0x1371a</run_address>
         <size>0x20</size>
         <input_file_ref idref="fl-5"/>
      </object_component>
      <object_component id="oc-433">
         <name>.text:LCD_incBacklight</name>
         <load_address>0x1373a</load_address>
         <run_address>0x1373a</run_address>
         <size>0x20</size>
         <input_file_ref idref="fl-5"/>
      </object_component>
      <object_component id="oc-52a">
         <name>.text:Speaker_Beep</name>
         <load_address>0x1375a</load_address>
         <run_address>0x1375a</run_address>
         <size>0x20</size>
         <input_file_ref idref="fl-6"/>
      </object_component>
      <object_component id="oc-4e1">
         <name>.text:WDT_A_hold</name>
         <load_address>0x1377a</load_address>
         <run_address>0x1377a</run_address>
         <size>0x20</size>
         <input_file_ref idref="fl-34"/>
      </object_component>
      <object_component id="oc-65c">
         <name>.text:GPIO_disableInterrupt</name>
         <load_address>0x1379a</load_address>
         <run_address>0x1379a</run_address>
         <size>0x1e</size>
         <input_file_ref idref="fl-1a"/>
      </object_component>
      <object_component id="oc-5b8">
         <name>.text:GPIO_enableInterrupt</name>
         <load_address>0x137b8</load_address>
         <run_address>0x137b8</run_address>
         <size>0x1e</size>
         <input_file_ref idref="fl-1a"/>
      </object_component>
      <object_component id="oc-472">
         <name>.text:GPIO_setOutputHighOnPin</name>
         <load_address>0x137d6</load_address>
         <run_address>0x137d6</run_address>
         <size>0x1c</size>
         <input_file_ref idref="fl-1a"/>
      </object_component>
      <object_component id="oc-456">
         <name>.text:GPIO_setOutputLowOnPin</name>
         <load_address>0x137f2</load_address>
         <run_address>0x137f2</run_address>
         <size>0x1c</size>
         <input_file_ref idref="fl-1a"/>
      </object_component>
      <object_component id="oc-79f">
         <name>.text:__mpysl</name>
         <load_address>0x1380e</load_address>
         <run_address>0x1380e</run_address>
         <size>0x1c</size>
         <input_file_ref idref="fl-74"/>
      </object_component>
      <object_component id="oc-7aa">
         <name>.text:set_intr_pin_config</name>
         <load_address>0x1382a</load_address>
         <run_address>0x1382a</run_address>
         <size>0x1a</size>
         <input_file_ref idref="fl-9"/>
      </object_component>
      <object_component id="oc-656">
         <name>.text</name>
         <load_address>0x13844</load_address>
         <run_address>0x13844</run_address>
         <size>0x18</size>
         <input_file_ref idref="fl-72"/>
      </object_component>
      <object_component id="oc-46b">
         <name>.text:Timer_A_setOutputForOutputModeOutBitValue</name>
         <load_address>0x1385c</load_address>
         <run_address>0x1385c</run_address>
         <size>0x16</size>
         <input_file_ref idref="fl-2b"/>
      </object_component>
      <object_component id="oc-766">
         <name>.text:config_aux_settg</name>
         <load_address>0x13872</load_address>
         <run_address>0x13872</run_address>
         <size>0x16</size>
         <input_file_ref idref="fl-9"/>
      </object_component>
      <object_component id="oc-951">
         <name>.text:memset</name>
         <load_address>0x13888</load_address>
         <run_address>0x13888</run_address>
         <size>0x16</size>
         <input_file_ref idref="fl-87"/>
      </object_component>
      <object_component id="oc-3a8">
         <name>.text:memcpy</name>
         <load_address>0x1389e</load_address>
         <run_address>0x1389e</run_address>
         <size>0x14</size>
         <input_file_ref idref="fl-86"/>
      </object_component>
      <object_component id="oc-77">
         <name>.text:decompress:none:__TI_decompress_none</name>
         <load_address>0x138b2</load_address>
         <run_address>0x138b2</run_address>
         <size>0x12</size>
         <input_file_ref idref="fl-81"/>
      </object_component>
      <object_component id="oc-44a">
         <name>.text:DAC12_A_setData</name>
         <load_address>0x138c4</load_address>
         <run_address>0x138c4</run_address>
         <size>0xe</size>
         <input_file_ref idref="fl-13"/>
      </object_component>
      <object_component id="oc-690">
         <name>.text:Timer_A_setCompareValue</name>
         <load_address>0x138d2</load_address>
         <run_address>0x138d2</run_address>
         <size>0xc</size>
         <input_file_ref idref="fl-2b"/>
      </object_component>
      <object_component id="oc-663">
         <name>.text:Timer_A_startCounter</name>
         <load_address>0x138de</load_address>
         <run_address>0x138de</run_address>
         <size>0xc</size>
         <input_file_ref idref="fl-2b"/>
      </object_component>
      <object_component id="oc-6fc">
         <name>.text:Timer_B_setCompareValue</name>
         <load_address>0x138ea</load_address>
         <run_address>0x138ea</run_address>
         <size>0xc</size>
         <input_file_ref idref="fl-2c"/>
      </object_component>
      <object_component id="oc-71a">
         <name>.text:USCI_B_I2C_setMode</name>
         <load_address>0x138f6</load_address>
         <run_address>0x138f6</run_address>
         <size>0xc</size>
         <input_file_ref idref="fl-32"/>
      </object_component>
      <object_component id="oc-714">
         <name>.text:USCI_B_I2C_setSlaveAddress</name>
         <load_address>0x13902</load_address>
         <run_address>0x13902</run_address>
         <size>0xc</size>
         <input_file_ref idref="fl-32"/>
      </object_component>
      <object_component id="oc-602">
         <name>.text:USCI_B_SPI_transmitData</name>
         <load_address>0x1390e</load_address>
         <run_address>0x1390e</run_address>
         <size>0xa</size>
         <input_file_ref idref="fl-33"/>
      </object_component>
      <object_component id="oc-67c">
         <name>.text:abs</name>
         <load_address>0x13918</load_address>
         <run_address>0x13918</run_address>
         <size>0xa</size>
         <input_file_ref idref="fl-88"/>
      </object_component>
      <object_component id="oc-78d">
         <name>.text</name>
         <load_address>0x13922</load_address>
         <run_address>0x13922</run_address>
         <size>0xa</size>
         <input_file_ref idref="fl-6e"/>
      </object_component>
      <object_component id="oc-450">
         <name>.text:Timer_A_stop</name>
         <load_address>0x1392c</load_address>
         <run_address>0x1392c</run_address>
         <size>0x8</size>
         <input_file_ref idref="fl-2b"/>
      </object_component>
      <object_component id="oc-608">
         <name>.text:USCI_B_SPI_receiveData</name>
         <load_address>0x13934</load_address>
         <run_address>0x13934</run_address>
         <size>0x8</size>
         <input_file_ref idref="fl-33"/>
      </object_component>
      <object_component id="oc-688">
         <name>.text:Timer_A_disableInterrupt</name>
         <load_address>0x1393c</load_address>
         <run_address>0x1393c</run_address>
         <size>0x6</size>
         <input_file_ref idref="fl-2b"/>
      </object_component>
      <object_component id="oc-682">
         <name>.text:Timer_A_enableInterrupt</name>
         <load_address>0x13942</load_address>
         <run_address>0x13942</run_address>
         <size>0x6</size>
         <input_file_ref idref="fl-2b"/>
      </object_component>
      <object_component id="oc-729">
         <name>.text:USCI_B_I2C_enable</name>
         <load_address>0x13948</load_address>
         <run_address>0x13948</run_address>
         <size>0x6</size>
         <input_file_ref idref="fl-32"/>
      </object_component>
      <object_component id="oc-841">
         <name>.text:USCI_B_SPI_enable</name>
         <load_address>0x1394e</load_address>
         <run_address>0x1394e</run_address>
         <size>0x6</size>
         <input_file_ref idref="fl-33"/>
      </object_component>
      <object_component id="oc-549">
         <name>.text:abort</name>
         <load_address>0x13954</load_address>
         <run_address>0x13954</run_address>
         <size>0x6</size>
         <input_file_ref idref="fl-83"/>
      </object_component>
      <object_component id="oc-481">
         <name>.text:_system_pre_init</name>
         <load_address>0x1395a</load_address>
         <run_address>0x1395a</run_address>
         <size>0x4</size>
         <input_file_ref idref="fl-7f"/>
      </object_component>
      <object_component id="oc-6a9">
         <name>.text:_system_post_cinit</name>
         <load_address>0x1395e</load_address>
         <run_address>0x1395e</run_address>
         <size>0x2</size>
         <input_file_ref idref="fl-80"/>
      </object_component>
      <object_component id="oc-3ba">
         <name>.text:_isr:P3_HANDLER</name>
         <load_address>0x8000</load_address>
         <run_address>0x8000</run_address>
         <size>0x86</size>
         <input_file_ref idref="fl-8"/>
      </object_component>
      <object_component id="oc-3d8">
         <name>.text:_isr:TIMER_A0_HANDLER</name>
         <load_address>0x8086</load_address>
         <run_address>0x8086</run_address>
         <size>0x60</size>
         <input_file_ref idref="fl-7"/>
      </object_component>
      <object_component id="oc-3cc">
         <name>.text:_isr:GPS_RX_interruptHandler</name>
         <load_address>0x80e6</load_address>
         <run_address>0x80e6</run_address>
         <size>0x58</size>
         <input_file_ref idref="fl-4"/>
      </object_component>
      <object_component id="oc-3c0">
         <name>.text:_isr:TIMERA2_HANDLER</name>
         <load_address>0x813e</load_address>
         <run_address>0x813e</run_address>
         <size>0x4c</size>
         <input_file_ref idref="fl-6"/>
      </object_component>
      <object_component id="oc-3c6">
         <name>.text:_isr:P2_HANDLER</name>
         <load_address>0x818a</load_address>
         <run_address>0x818a</run_address>
         <size>0x28</size>
         <input_file_ref idref="fl-7"/>
      </object_component>
      <object_component id="oc-3d2">
         <name>.text:_isr:TIMERA1_OVF</name>
         <load_address>0x81b2</load_address>
         <run_address>0x81b2</run_address>
         <size>0x1c</size>
         <input_file_ref idref="fl-5"/>
      </object_component>
      <object_component id="oc-3f0">
         <name>.text:_isr:_c_int00_noargs</name>
         <load_address>0x81ce</load_address>
         <run_address>0x81ce</run_address>
         <size>0x1c</size>
         <input_file_ref idref="fl-79"/>
      </object_component>
      <object_component id="oc-3b5">
         <name>.text:_isr:__TI_ISR_TRAP</name>
         <load_address>0x81ea</load_address>
         <run_address>0x81ea</run_address>
         <size>0x8</size>
         <input_file_ref idref="fl-6d"/>
      </object_component>
      <object_component id="oc-a55">
         <name>.cinit..data.load</name>
         <load_address>0x8ab6</load_address>
         <run_address>0x8ab6</run_address>
         <size>0x37</size>
      </object_component>
      <object_component id="oc-a52">
         <name>__TI_handler_table</name>
         <load_address>0x8aee</load_address>
         <run_address>0x8aee</run_address>
         <size>0xc</size>
      </object_component>
      <object_component id="oc-a54">
         <name>.cinit..bss.load</name>
         <load_address>0x8afa</load_address>
         <run_address>0x8afa</run_address>
         <size>0x6</size>
      </object_component>
      <object_component id="oc-a53">
         <name>__TI_cinit_table</name>
         <load_address>0x8b00</load_address>
         <run_address>0x8b00</run_address>
         <size>0x10</size>
      </object_component>
      <object_component id="oc-89a">
         <name>.const:AsciiLib</name>
         <load_address>0x81f2</load_address>
         <run_address>0x81f2</run_address>
         <size>0x5f0</size>
         <input_file_ref idref="fl-3"/>
      </object_component>
      <object_component id="oc-447">
         <name>.const:sineLUT</name>
         <load_address>0x87e2</load_address>
         <run_address>0x87e2</run_address>
         <size>0x100</size>
         <input_file_ref idref="fl-6"/>
      </object_component>
      <object_component id="oc-675">
         <name>.const:.string</name>
         <load_address>0x88e2</load_address>
         <run_address>0x88e2</run_address>
         <size>0x6a</size>
         <input_file_ref idref="fl-7"/>
      </object_component>
      <object_component id="oc-516">
         <name>.const:.string</name>
         <load_address>0x894c</load_address>
         <run_address>0x894c</run_address>
         <size>0x66</size>
         <input_file_ref idref="fl-2"/>
      </object_component>
      <object_component id="oc-6db">
         <name>.const:.string:Rcmd1</name>
         <load_address>0x89b2</load_address>
         <run_address>0x89b2</run_address>
         <size>0x3b</size>
         <input_file_ref idref="fl-5"/>
      </object_component>
      <object_component id="oc-66a">
         <name>.const:.string</name>
         <load_address>0x89ee</load_address>
         <run_address>0x89ee</run_address>
         <size>0x34</size>
         <input_file_ref idref="fl-8"/>
      </object_component>
      <object_component id="oc-6e7">
         <name>.const:.string:Rcmd3</name>
         <load_address>0x8a22</load_address>
         <run_address>0x8a22</run_address>
         <size>0x2b</size>
         <input_file_ref idref="fl-5"/>
      </object_component>
      <object_component id="oc-4c8">
         <name>.const:GPIO_PORT_TO_BASE</name>
         <load_address>0x8a4e</load_address>
         <run_address>0x8a4e</run_address>
         <size>0x1c</size>
         <input_file_ref idref="fl-1a"/>
      </object_component>
      <object_component id="oc-6e4">
         <name>.const:.string:Rcmd2green</name>
         <load_address>0x8a6a</load_address>
         <run_address>0x8a6a</run_address>
         <size>0xd</size>
         <input_file_ref idref="fl-5"/>
      </object_component>
      <object_component id="oc-981">
         <name>.const:.string:int_mask_lookup_table</name>
         <load_address>0x8a78</load_address>
         <run_address>0x8a78</run_address>
         <size>0xd</size>
         <input_file_ref idref="fl-9"/>
      </object_component>
      <object_component id="oc-66c">
         <name>.const:$P$T1$2</name>
         <load_address>0x8a86</load_address>
         <run_address>0x8a86</run_address>
         <size>0xc</size>
         <input_file_ref idref="fl-7"/>
      </object_component>
      <object_component id="oc-70b">
         <name>.const:$P$T0$1</name>
         <load_address>0x8a92</load_address>
         <run_address>0x8a92</run_address>
         <size>0xa</size>
         <input_file_ref idref="fl-b"/>
      </object_component>
      <object_component id="oc-6ed">
         <name>.const:$P$T1$2</name>
         <load_address>0x8a9c</load_address>
         <run_address>0x8a9c</run_address>
         <size>0xa</size>
         <input_file_ref idref="fl-5"/>
      </object_component>
      <object_component id="oc-6ea">
         <name>.const:$P$T0$1</name>
         <load_address>0x8aa6</load_address>
         <run_address>0x8aa6</run_address>
         <size>0x8</size>
         <input_file_ref idref="fl-5"/>
      </object_component>
      <object_component id="oc-720">
         <name>.const:.string:$P$T1$2</name>
         <load_address>0x8aae</load_address>
         <run_address>0x8aae</run_address>
         <size>0x8</size>
         <input_file_ref idref="fl-b"/>
      </object_component>
      <object_component id="oc-9e4">
         <name>.binit</name>
         <load_address>0x8000</load_address>
         <run_address>0x8000</run_address>
         <size>0x0</size>
      </object_component>
      <object_component id="oc-7d">
         <name>.int37</name>
         <load_address>0xffca</load_address>
         <run_address>0xffca</run_address>
         <size>0x2</size>
         <input_file_ref idref="fl-59"/>
      </object_component>
      <object_component id="oc-7e">
         <name>.int38</name>
         <load_address>0xffcc</load_address>
         <run_address>0xffcc</run_address>
         <size>0x2</size>
         <input_file_ref idref="fl-8"/>
      </object_component>
      <object_component id="oc-7f">
         <name>.int39</name>
         <load_address>0xffce</load_address>
         <run_address>0xffce</run_address>
         <size>0x2</size>
         <input_file_ref idref="fl-6"/>
      </object_component>
      <object_component id="oc-80">
         <name>.int40</name>
         <load_address>0xffd0</load_address>
         <run_address>0xffd0</run_address>
         <size>0x2</size>
         <input_file_ref idref="fl-5a"/>
      </object_component>
      <object_component id="oc-81">
         <name>.int41</name>
         <load_address>0xffd2</load_address>
         <run_address>0xffd2</run_address>
         <size>0x2</size>
         <input_file_ref idref="fl-5b"/>
      </object_component>
      <object_component id="oc-82">
         <name>.int42</name>
         <load_address>0xffd4</load_address>
         <run_address>0xffd4</run_address>
         <size>0x2</size>
         <input_file_ref idref="fl-5c"/>
      </object_component>
      <object_component id="oc-83">
         <name>.int43</name>
         <load_address>0xffd6</load_address>
         <run_address>0xffd6</run_address>
         <size>0x2</size>
         <input_file_ref idref="fl-5d"/>
      </object_component>
      <object_component id="oc-84">
         <name>.int44</name>
         <load_address>0xffd8</load_address>
         <run_address>0xffd8</run_address>
         <size>0x2</size>
         <input_file_ref idref="fl-7"/>
      </object_component>
      <object_component id="oc-85">
         <name>.int45</name>
         <load_address>0xffda</load_address>
         <run_address>0xffda</run_address>
         <size>0x2</size>
         <input_file_ref idref="fl-5e"/>
      </object_component>
      <object_component id="oc-86">
         <name>.int46</name>
         <load_address>0xffdc</load_address>
         <run_address>0xffdc</run_address>
         <size>0x2</size>
         <input_file_ref idref="fl-4"/>
      </object_component>
      <object_component id="oc-87">
         <name>.int47</name>
         <load_address>0xffde</load_address>
         <run_address>0xffde</run_address>
         <size>0x2</size>
         <input_file_ref idref="fl-5f"/>
      </object_component>
      <object_component id="oc-88">
         <name>.int48</name>
         <load_address>0xffe0</load_address>
         <run_address>0xffe0</run_address>
         <size>0x2</size>
         <input_file_ref idref="fl-5"/>
      </object_component>
      <object_component id="oc-89">
         <name>.int49</name>
         <load_address>0xffe2</load_address>
         <run_address>0xffe2</run_address>
         <size>0x2</size>
         <input_file_ref idref="fl-60"/>
      </object_component>
      <object_component id="oc-8a">
         <name>.int50</name>
         <load_address>0xffe4</load_address>
         <run_address>0xffe4</run_address>
         <size>0x2</size>
         <input_file_ref idref="fl-61"/>
      </object_component>
      <object_component id="oc-8b">
         <name>.int51</name>
         <load_address>0xffe6</load_address>
         <run_address>0xffe6</run_address>
         <size>0x2</size>
         <input_file_ref idref="fl-62"/>
      </object_component>
      <object_component id="oc-8c">
         <name>.int52</name>
         <load_address>0xffe8</load_address>
         <run_address>0xffe8</run_address>
         <size>0x2</size>
         <input_file_ref idref="fl-7"/>
      </object_component>
      <object_component id="oc-8d">
         <name>.int53</name>
         <load_address>0xffea</load_address>
         <run_address>0xffea</run_address>
         <size>0x2</size>
         <input_file_ref idref="fl-63"/>
      </object_component>
      <object_component id="oc-8e">
         <name>.int54</name>
         <load_address>0xffec</load_address>
         <run_address>0xffec</run_address>
         <size>0x2</size>
         <input_file_ref idref="fl-64"/>
      </object_component>
      <object_component id="oc-8f">
         <name>.int55</name>
         <load_address>0xffee</load_address>
         <run_address>0xffee</run_address>
         <size>0x2</size>
         <input_file_ref idref="fl-65"/>
      </object_component>
      <object_component id="oc-90">
         <name>.int56</name>
         <load_address>0xfff0</load_address>
         <run_address>0xfff0</run_address>
         <size>0x2</size>
         <input_file_ref idref="fl-66"/>
      </object_component>
      <object_component id="oc-91">
         <name>.int57</name>
         <load_address>0xfff2</load_address>
         <run_address>0xfff2</run_address>
         <size>0x2</size>
         <input_file_ref idref="fl-67"/>
      </object_component>
      <object_component id="oc-92">
         <name>.int58</name>
         <load_address>0xfff4</load_address>
         <run_address>0xfff4</run_address>
         <size>0x2</size>
         <input_file_ref idref="fl-68"/>
[...]
         <value>0x112a2</value>
         <object_component_ref idref="oc-650"/>
      </symbol>
      <symbol id="sm-4da">
         <name>__TI_int48</name>
         <value>0xffe0</value>
         <object_component_ref idref="oc-88"/>
      </symbol>
      <symbol id="sm-4db">
         <name>LCD_decBacklight</name>
         <value>0x1371a</value>
         <object_component_ref idref="oc-42c"/>
      </symbol>
      <symbol id="sm-4dc">
         <name>LCD_Init</name>
         <value>0x11c0a</value>
         <object_component_ref idref="oc-5a6"/>
      </symbol>
      <symbol id="sm-4dd">
         <name>LCD_incBacklight</name>
         <value>0x1373a</value>
         <object_component_ref idref="oc-433"/>
      </symbol>
      <symbol id="sm-4de">
         <name>LCD_Clear</name>
         <value>0x11e26</value>
         <object_component_ref idref="oc-504"/>
      </symbol>
      <symbol id="sm-4df">
         <name>LCD_Text</name>
         <value>0x13118</value>
         <object_component_ref idref="oc-518"/>
      </symbol>
      <symbol id="sm-4e0">
         <name>LCD_setAddrWindow</name>
         <value>0x10a98</value>
         <object_component_ref idref="oc-5fc"/>
      </symbol>
      <symbol id="sm-4e1">
         <name>LCD_SetPoint</name>
         <value>0x11fac</value>
         <object_component_ref idref="oc-792"/>
      </symbol>
      <symbol id="sm-4e2">
         <name>TIMERA1_OVF</name>
         <value>0x81b2</value>
         <object_component_ref idref="oc-3d2"/>
      </symbol>
      <symbol id="sm-516">
         <name>__TI_int39</name>
         <value>0xffce</value>
         <object_component_ref idref="oc-7f"/>
      </symbol>
      <symbol id="sm-517">
         <name>Speaker_Init</name>
         <value>0x129de</value>
         <object_component_ref idref="oc-510"/>
      </symbol>
      <symbol id="sm-518">
         <name>TIMERA2_HANDLER</name>
         <value>0x813e</value>
         <object_component_ref idref="oc-3c0"/>
      </symbol>
      <symbol id="sm-519">
         <name>Speaker_Beep</name>
         <value>0x1375a</value>
         <object_component_ref idref="oc-52a"/>
      </symbol>
      <symbol id="sm-5ab">
         <name>Stepper_Init</name>
         <value>0x1356c</value>
         <object_component_ref idref="oc-50a"/>
      </symbol>
      <symbol id="sm-5ac">
         <name>manualAlign</name>
         <value>0x240c</value>
         <object_component_ref idref="oc-440"/>
      </symbol>
      <symbol id="sm-5ad">
         <name>AxisAlign</name>
         <value>0x10924</value>
         <object_component_ref idref="oc-53c"/>
      </symbol>
      <symbol id="sm-5ae">
         <name>TIMER_A0_HANDLER</name>
         <value>0x8086</value>
         <object_component_ref idref="oc-3d8"/>
      </symbol>
      <symbol id="sm-5af">
         <name>__TI_int44</name>
         <value>0xffd8</value>
         <object_component_ref idref="oc-84"/>
      </symbol>
      <symbol id="sm-5b0">
         <name>__TI_int52</name>
         <value>0xffe8</value>
         <object_component_ref idref="oc-8c"/>
      </symbol>
      <symbol id="sm-5b1">
         <name>AlignSteppers</name>
         <value>0x10000</value>
         <object_component_ref idref="oc-536"/>
      </symbol>
      <symbol id="sm-5b2">
         <name>MoveSteppersManual</name>
         <value>0x10f0c</value>
         <object_component_ref idref="oc-524"/>
      </symbol>
      <symbol id="sm-5b3">
         <name>P2_HANDLER</name>
         <value>0x818a</value>
         <object_component_ref idref="oc-3c6"/>
      </symbol>
      <symbol id="sm-5b4">
         <name>Stepper_Track</name>
         <value>0x1143c</value>
         <object_component_ref idref="oc-542"/>
      </symbol>
      <symbol id="sm-5f8">
         <name>select_dir</name>
         <value>0x2490</value>
      </symbol>
      <symbol id="sm-5f9">
         <name>switch_mode_f</name>
         <value>0x2456</value>
         <object_component_ref idref="oc-43d"/>
      </symbol>
      <symbol id="sm-5fa">
         <name>__TI_int38</name>
         <value>0xffcc</value>
         <object_component_ref idref="oc-7e"/>
      </symbol>
      <symbol id="sm-5fb">
         <name>UI_SetColor</name>
         <value>0x123d4</value>
         <object_component_ref idref="oc-530"/>
      </symbol>
      <symbol id="sm-5fc">
         <name>P3_HANDLER</name>
         <value>0x8000</value>
         <object_component_ref idref="oc-3ba"/>
      </symbol>
      <symbol id="sm-5fd">
         <name>UI_Init</name>
         <value>0x13190</value>
         <object_component_ref idref="oc-4f3"/>
      </symbol>
      <symbol id="sm-5fe">
         <name>button_f</name>
         <value>0x2455</value>
         <object_component_ref idref="oc-43d"/>
      </symbol>
      <symbol id="sm-5ff">
         <name>UI_DisplayMenu</name>
         <value>0x1027a</value>
         <object_component_ref idref="oc-51e"/>
      </symbol>
      <symbol id="sm-600">
         <name>select_f</name>
         <value>0x2457</value>
         <object_component_ref idref="oc-43d"/>
      </symbol>
      <symbol id="sm-8c5">
         <name>bmi160_get_sensor_data</name>
         <value>0x12216</value>
         <object_component_ref idref="oc-676"/>
      </symbol>
      <symbol id="sm-8c6">
         <name>bmi160_aux_init</name>
         <value>0x136d8</value>
         <object_component_ref idref="oc-5ec"/>
      </symbol>
      <symbol id="sm-8c7">
         <name>bmi160_soft_reset</name>
         <value>0x12650</value>
         <object_component_ref idref="oc-750"/>
      </symbol>
      <symbol id="sm-8c8">
         <name>bmi160_set_int_config</name>
         <value>0x115b6</value>
         <object_component_ref idref="oc-66f"/>
      </symbol>
      <symbol id="sm-8c9">
         <name>bmi160_get_regs</name>
         <value>0x132ea</value>
         <object_component_ref idref="oc-74a"/>
      </symbol>
      <symbol id="sm-8ca">
         <name>bmi160_init</name>
         <value>0x12442</value>
         <object_component_ref idref="oc-5da"/>
      </symbol>
      <symbol id="sm-8cb">
         <name>int_mask_lookup_table</name>
         <value>0x8a78</value>
         <object_component_ref idref="oc-981"/>
      </symbol>
      <symbol id="sm-8cc">
         <name>bmi160_set_regs</name>
         <value>0x1191e</value>
         <object_component_ref idref="oc-5e0"/>
      </symbol>
      <symbol id="sm-8cd">
         <name>bmi160_config_aux_mode</name>
         <value>0x11b7e</value>
         <object_component_ref idref="oc-88e"/>
      </symbol>
      <symbol id="sm-8ce">
         <name>bmi160_set_power_mode</name>
         <value>0x1366a</value>
         <object_component_ref idref="oc-5e6"/>
      </symbol>
      <symbol id="sm-921">
         <name>bmi160config</name>
         <value>0x245a</value>
      </symbol>
      <symbol id="sm-922">
         <name>bmi_i2c_write</name>
         <value>0x11a60</value>
         <object_component_ref idref="oc-5c5"/>
      </symbol>
      <symbol id="sm-923">
         <name>bmi_i2c_read</name>
         <value>0x119c2</value>
         <object_component_ref idref="oc-5ce"/>
      </symbol>
      <symbol id="sm-924">
         <name>BMI160_Init</name>
         <value>0x10be6</value>
         <object_component_ref idref="oc-4f9"/>
      </symbol>
      <symbol id="sm-925">
         <name>bmi_delay_ms</name>
         <value>0x135f0</value>
         <object_component_ref idref="oc-5d4"/>
      </symbol>
      <symbol id="sm-926">
         <name>I2C_Init</name>
         <value>0x11722</value>
         <object_component_ref idref="oc-5bf"/>
      </symbol>
      <symbol id="sm-955">
         <name>DAC12_A_init</name>
         <value>0x12f46</value>
         <object_component_ref idref="oc-62e"/>
      </symbol>
      <symbol id="sm-956">
         <name>DAC12_A_setData</name>
         <value>0x138c4</value>
         <object_component_ref idref="oc-44a"/>
      </symbol>
      <symbol id="sm-957">
         <name>DAC12_A_calibrateOutput</name>
         <value>0x13242</value>
         <object_component_ref idref="oc-63a"/>
      </symbol>
      <symbol id="sm-958">
         <name>DAC12_A_setInputDataFormat</name>
         <value>0x12fd4</value>
         <object_component_ref idref="oc-634"/>
      </symbol>
      <symbol id="sm-9ab">
         <name>GPIO_setAsInputPin</name>
         <value>0x1350a</value>
         <object_component_ref idref="oc-5ac"/>
      </symbol>
      <symbol id="sm-9ac">
         <name>GPIO_setOutputHighOnPin</name>
         <value>0x137d6</value>
         <object_component_ref idref="oc-472"/>
      </symbol>
      <symbol id="sm-9ad">
         <name>GPIO_selectInterruptEdge</name>
         <value>0x1353e</value>
         <object_component_ref idref="oc-5b2"/>
      </symbol>
      <symbol id="sm-9ae">
         <name>GPIO_enableInterrupt</name>
         <value>0x137b8</value>
         <object_component_ref idref="oc-5b8"/>
      </symbol>
      <symbol id="sm-9af">
         <name>GPIO_setAsOutputPin</name>
         <value>0x1361a</value>
         <object_component_ref idref="oc-60f"/>
      </symbol>
      <symbol id="sm-9b0">
         <name>GPIO_setOutputLowOnPin</name>
         <value>0x137f2</value>
         <object_component_ref idref="oc-456"/>
      </symbol>
      <symbol id="sm-9b1">
         <name>GPIO_setAsPeripheralModuleFunctionOutputPin</name>
         <value>0x13642</value>
         <object_component_ref idref="oc-640"/>
      </symbol>
      <symbol id="sm-9b2">
         <name>GPIO_disableInterrupt</name>
         <value>0x1379a</value>
         <object_component_ref idref="oc-65c"/>
      </symbol>
      <symbol id="sm-9c5">
         <name>PMAP_initPorts</name>
         <value>0x12988</value>
         <object_component_ref idref="oc-723"/>
      </symbol>
      <symbol id="sm-a0f">
         <name>Timer_A_setOutputForOutputModeOutBitValue</name>
         <value>0x1385c</value>
         <object_component_ref idref="oc-46b"/>
      </symbol>
      <symbol id="sm-a10">
         <name>Timer_A_setCompareValue</name>
         <value>0x138d2</value>
         <object_component_ref idref="oc-690"/>
      </symbol>
      <symbol id="sm-a11">
         <name>Timer_A_initUpMode</name>
         <value>0x120a8</value>
         <object_component_ref idref="oc-618"/>
      </symbol>
      <symbol id="sm-a12">
         <name>Timer_A_initCompareMode</name>
         <value>0x1327a</value>
         <object_component_ref idref="oc-621"/>
      </symbol>
      <symbol id="sm-a13">
         <name>Timer_A_startCounter</name>
         <value>0x138de</value>
         <object_component_ref idref="oc-663"/>
      </symbol>
      <symbol id="sm-a14">
         <name>Timer_A_stop</name>
         <value>0x1392c</value>
         <object_component_ref idref="oc-450"/>
      </symbol>
      <symbol id="sm-a15">
         <name>Timer_A_disableInterrupt</name>
         <value>0x1393c</value>
         <object_component_ref idref="oc-688"/>
      </symbol>
      <symbol id="sm-a16">
         <name>Timer_A_enableInterrupt</name>
         <value>0x13942</value>
         <object_component_ref idref="oc-682"/>
      </symbol>
      <symbol id="sm-a31">
         <name>Timer_B_initContinuousMode</name>
         <value>0x12a88</value>
         <object_component_ref idref="oc-6f0"/>
      </symbol>
      <symbol id="sm-a32">
         <name>Timer_B_setCompareValue</name>
         <value>0x138ea</value>
         <object_component_ref idref="oc-6fc"/>
      </symbol>
      <symbol id="sm-a33">
         <name>Timer_B_initCompareMode</name>
         <value>0x132b2</value>
         <object_component_ref idref="oc-6f6"/>
      </symbol>
      <symbol id="sm-a68">
         <name>UCS_initClockSignal</name>
         <value>0x11878</value>
         <object_component_ref idref="oc-4e7"/>
      </symbol>
      <symbol id="sm-a69">
         <name>UCS_initFLLSettle</name>
         <value>0x1335a</value>
         <object_component_ref idref="oc-4ed"/>
      </symbol>
      <symbol id="sm-a6a">
         <name>UCS_initFLL</name>
         <value>0x110e2</value>
         <object_component_ref idref="oc-59e"/>
      </symbol>
      <symbol id="sm-a8d">
         <name>USCI_B_I2C_setSlaveAddress</name>
         <value>0x13902</value>
         <object_component_ref idref="oc-714"/>
      </symbol>
      <symbol id="sm-a8e">
         <name>USCI_B_I2C_enable</name>
         <value>0x13948</value>
         <object_component_ref idref="oc-729"/>
      </symbol>
      <symbol id="sm-a8f">
         <name>USCI_B_I2C_initMaster</name>
         <value>0x131cc</value>
         <object_component_ref idref="oc-70e"/>
      </symbol>
      <symbol id="sm-a90">
         <name>USCI_B_I2C_setMode</name>
         <value>0x138f6</value>
         <object_component_ref idref="oc-71a"/>
      </symbol>
      <symbol id="sm-ab1">
         <name>USCI_B_SPI_enable</name>
         <value>0x1394e</value>
         <object_component_ref idref="oc-841"/>
      </symbol>
      <symbol id="sm-ab2">
         <name>USCI_B_SPI_initMaster</name>
         <value>0x12770</value>
         <object_component_ref idref="oc-83b"/>
      </symbol>
      <symbol id="sm-ab3">
         <name>USCI_B_SPI_transmitData</name>
         <value>0x1390e</value>
         <object_component_ref idref="oc-602"/>
      </symbol>
      <symbol id="sm-ab4">
         <name>USCI_B_SPI_receiveData</name>
         <value>0x13934</value>
         <object_component_ref idref="oc-608"/>
      </symbol>
      <symbol id="sm-abd">
         <name>WDT_A_hold</name>
         <value>0x1377a</value>
         <object_component_ref idref="oc-4e1"/>
      </symbol>
      <symbol id="sm-ace">
         <name>__mspabi_remul</name>
         <value>0x12880</value>
         <object_component_ref idref="oc-866"/>
      </symbol>
      <symbol id="sm-acf">
         <name>__mspabi_divul</name>
         <value>0x12880</value>
         <object_component_ref idref="oc-866"/>
      </symbol>
      <symbol id="sm-ad2">
         <name>__TI_int37</name>
         <value>0xffca</value>
         <object_component_ref idref="oc-7d"/>
      </symbol>
      <symbol id="sm-ad5">
         <name>__TI_int40</name>
         <value>0xffd0</value>
         <object_component_ref idref="oc-80"/>
      </symbol>
      <symbol id="sm-ad8">
         <name>__TI_int41</name>
         <value>0xffd2</value>
         <object_component_ref idref="oc-81"/>
      </symbol>
      <symbol id="sm-adb">
         <name>__TI_int42</name>
         <value>0xffd4</value>
         <object_component_ref idref="oc-82"/>
      </symbol>
      <symbol id="sm-ade">
         <name>__TI_int43</name>
         <value>0xffd6</value>
         <object_component_ref idref="oc-83"/>
      </symbol>
      <symbol id="sm-ae1">
         <name>__TI_int45</name>
         <value>0xffda</value>
         <object_component_ref idref="oc-85"/>
      </symbol>
      <symbol id="sm-ae4">
         <name>__TI_int47</name>
         <value>0xffde</value>
         <object_component_ref idref="oc-87"/>
      </symbol>
      <symbol id="sm-ae7">
         <name>__TI_int49</name>
         <value>0xffe2</value>
         <object_component_ref idref="oc-89"/>
      </symbol>
      <symbol id="sm-aea">
         <name>__TI_int50</name>
         <value>0xffe4</value>
         <object_component_ref idref="oc-8a"/>
      </symbol>
      <symbol id="sm-aed">
         <name>__TI_int51</name>
         <value>0xffe6</value>
         <object_component_ref idref="oc-8b"/>
      </symbol>
      <symbol id="sm-af0">
         <name>__TI_int53</name>
         <value>0xffea</value>
         <object_component_ref idref="oc-8d"/>
      </symbol>
      <symbol id="sm-af3">
         <name>__TI_int54</name>
         <value>0xffec</value>
         <object_component_ref idref="oc-8e"/>
      </symbol>
      <symbol id="sm-af6">
         <name>__TI_int55</name>
         <value>0xffee</value>
         <object_component_ref idref="oc-8f"/>
      </symbol>
      <symbol id="sm-af9">
         <name>__TI_int56</name>
         <value>0xfff0</value>
         <object_component_ref idref="oc-90"/>
      </symbol>
      <symbol id="sm-afc">
         <name>__TI_int57</name>
         <value>0xfff2</value>
         <object_component_ref idref="oc-91"/>
      </symbol>
      <symbol id="sm-aff">
         <name>__TI_int58</name>
         <value>0xfff4</value>
         <object_component_ref idref="oc-92"/>
      </symbol>
      <symbol id="sm-b02">
         <name>__TI_int59</name>
         <value>0xfff6</value>
         <object_component_ref idref="oc-93"/>
      </symbol>
      <symbol id="sm-b05">
         <name>__TI_int60</name>
         <value>0xfff8</value>
         <object_component_ref idref="oc-94"/>
      </symbol>
      <symbol id="sm-b08">
         <name>__TI_int61</name>
         <value>0xfffa</value>
         <object_component_ref idref="oc-95"/>
      </symbol>
      <symbol id="sm-b0b">
         <name>__TI_int62</name>
         <value>0xfffc</value>
         <object_component_ref idref="oc-96"/>
      </symbol>
      <symbol id="sm-b13">
         <name>__TI_ISR_TRAP</name>
         <value>0x81ea</value>
         <object_component_ref idref="oc-3b5"/>
      </symbol>
      <symbol id="sm-b1c">
         <name>__mspabi_slli</name>
         <value>0x13922</value>
         <object_component_ref idref="oc-78d"/>
      </symbol>
      <symbol id="sm-b27">
         <name>__mspabi_mpyi_f5hw</name>
         <value>0x13844</value>
         <object_component_ref idref="oc-656"/>
      </symbol>
      <symbol id="sm-b30">
         <name>__mspabi_mpysl_f5hw</name>
         <value>0x1380e</value>
         <object_component_ref idref="oc-79f"/>
      </symbol>
      <symbol id="sm-b44">
         <name>_stack</name>
         <value>0x6360</value>
         <object_component_ref idref="oc-399"/>
      </symbol>
      <symbol id="sm-b45">
         <name>_c_int00_noargs</name>
         <value>0x81ce</value>
         <object_component_ref idref="oc-3f0"/>
      </symbol>
      <symbol id="sm-b46">
         <name>_reset_vector</name>
         <value>0xfffe</value>
         <object_component_ref idref="oc-39c"/>
      </symbol>
      <symbol id="sm-b69">
         <name>__TI_auto_init_nobinit_nopinit_hold_wdt</name>
         <value>0x12a34</value>
         <object_component_ref idref="oc-56d"/>
      </symbol>
      <symbol id="sm-b7c">
         <name>__TI_zero_init_nomemset</name>
         <value>0x13690</value>
         <object_component_ref idref="oc-3de"/>
      </symbol>
      <symbol id="sm-b88">
         <name>_system_pre_init</name>
         <value>0x1395a</value>
         <object_component_ref idref="oc-481"/>
      </symbol>
      <symbol id="sm-b91">
         <name>_system_post_cinit</name>
         <value>0x1395e</value>
         <object_component_ref idref="oc-6a9"/>
      </symbol>
      <symbol id="sm-ba2">
         <name>__TI_decompress_none</name>
         <value>0x138b2</value>
         <object_component_ref idref="oc-77"/>
      </symbol>
      <symbol id="sm-bc5">
         <name>__TI_decompress_lzss</name>
         <value>0x121a0</value>
         <object_component_ref idref="oc-71"/>
      </symbol>
      <symbol id="sm-bcf">
         <name>C$$EXIT</name>
         <value>0x13954</value>
         <object_component_ref idref="oc-549"/>
      </symbol>
      <symbol id="sm-bd0">
         <name>abort</name>
         <value>0x13954</value>
         <object_component_ref idref="oc-549"/>
      </symbol>
      <symbol id="sm-be0">
         <name>memcpy</name>
         <value>0x1389e</value>
         <object_component_ref idref="oc-3a8"/>
      </symbol>
      <symbol id="sm-bee">
         <name>memset</name>
         <value>0x13888</value>
         <object_component_ref idref="oc-951"/>
      </symbol>
      <symbol id="sm-bf8">
         <name>abs</name>
         <value>0x13918</value>
         <object_component_ref idref="oc-67c"/>
      </symbol>
   </symbol_table>
   <title>Link successful</title>
</link_info>
